Archive member included because of file (symbol)

c:/yagarto-20121222/bin/../lib/gcc/arm-none-eabi/4.7.2/thumb/v7m\libgcc.a(_arm_addsubdf3.o)
                              bin/obj/vexprintf.o (__aeabi_dsub)
c:/yagarto-20121222/bin/../lib/gcc/arm-none-eabi/4.7.2/thumb/v7m\libgcc.a(_arm_muldivdf3.o)
                              bin/obj/vexprintf.o (__aeabi_dmul)
c:/yagarto-20121222/bin/../lib/gcc/arm-none-eabi/4.7.2/thumb/v7m\libgcc.a(_arm_cmpdf2.o)
                              bin/obj/vexprintf.o (__aeabi_dcmplt)
c:/yagarto-20121222/bin/../lib/gcc/arm-none-eabi/4.7.2/thumb/v7m\libgcc.a(_arm_fixunsdfsi.o)
                              bin/obj/vexprintf.o (__aeabi_d2uiz)
c:/yagarto-20121222/bin/../lib/gcc/arm-none-eabi/4.7.2/thumb/v7m\libgcc.a(_arm_addsubsf3.o)
                              bin/obj/vexaudio.o (__aeabi_fadd)
c:/yagarto-20121222/bin/../lib/gcc/arm-none-eabi/4.7.2/thumb/v7m\libgcc.a(_arm_muldivsf3.o)
                              bin/obj/vexaudio.o (__aeabi_fmul)
c:/yagarto-20121222/bin/../lib/gcc/arm-none-eabi/4.7.2/thumb/v7m\libgcc.a(_arm_fixunssfsi.o)
                              bin/obj/vexaudio.o (__aeabi_f2uiz)
c:/yagarto-20121222/bin/../lib/gcc/arm-none-eabi/4.7.2/../../../../arm-none-eabi/lib/thumb/v7m\libc.a(lib_a-atoi.o)
                              bin/obj/vexmotor.o (atoi)
c:/yagarto-20121222/bin/../lib/gcc/arm-none-eabi/4.7.2/../../../../arm-none-eabi/lib/thumb/v7m\libc.a(lib_a-memset.o)
                              bin/obj/syscalls.o (memset)
c:/yagarto-20121222/bin/../lib/gcc/arm-none-eabi/4.7.2/../../../../arm-none-eabi/lib/thumb/v7m\libc.a(lib_a-strcasecmp.o)
                              bin/obj/vexshell.o (strcasecmp)
c:/yagarto-20121222/bin/../lib/gcc/arm-none-eabi/4.7.2/../../../../arm-none-eabi/lib/thumb/v7m\libc.a(lib_a-strchr.o)
                              bin/obj/vexshell.o (strchr)
c:/yagarto-20121222/bin/../lib/gcc/arm-none-eabi/4.7.2/../../../../arm-none-eabi/lib/thumb/v7m\libc.a(lib_a-strncpy.o)
                              bin/obj/vexlcd.o (strncpy)
c:/yagarto-20121222/bin/../lib/gcc/arm-none-eabi/4.7.2/../../../../arm-none-eabi/lib/thumb/v7m\libc.a(lib_a-strspn.o)
                              bin/obj/vexshell.o (strspn)
c:/yagarto-20121222/bin/../lib/gcc/arm-none-eabi/4.7.2/../../../../arm-none-eabi/lib/thumb/v7m\libc.a(lib_a-strtol.o)
                              c:/yagarto-20121222/bin/../lib/gcc/arm-none-eabi/4.7.2/../../../../arm-none-eabi/lib/thumb/v7m\libc.a(lib_a-atoi.o) (_strtol_r)
c:/yagarto-20121222/bin/../lib/gcc/arm-none-eabi/4.7.2/../../../../arm-none-eabi/lib/thumb/v7m\libc.a(lib_a-ctype_.o)
                              c:/yagarto-20121222/bin/../lib/gcc/arm-none-eabi/4.7.2/../../../../arm-none-eabi/lib/thumb/v7m\libc.a(lib_a-strcasecmp.o) (__ctype_ptr__)
c:/yagarto-20121222/bin/../lib/gcc/arm-none-eabi/4.7.2/../../../../arm-none-eabi/lib/thumb/v7m\libc.a(lib_a-impure.o)
                              c:/yagarto-20121222/bin/../lib/gcc/arm-none-eabi/4.7.2/../../../../arm-none-eabi/lib/thumb/v7m\libc.a(lib_a-strtol.o) (_impure_ptr)
c:/yagarto-20121222/bin/../lib/gcc/arm-none-eabi/4.7.2/thumb/v7m\libgcc.a(_udivsi3.o)
                              c:/yagarto-20121222/bin/../lib/gcc/arm-none-eabi/4.7.2/../../../../arm-none-eabi/lib/thumb/v7m\libc.a(lib_a-strtol.o) (__aeabi_uidiv)
c:/yagarto-20121222/bin/../lib/gcc/arm-none-eabi/4.7.2/thumb/v7m\libgcc.a(_dvmd_tls.o)
                              c:/yagarto-20121222/bin/../lib/gcc/arm-none-eabi/4.7.2/thumb/v7m\libgcc.a(_udivsi3.o) (__aeabi_idiv0)

Discarded input sections

 .text          0x00000000        0x0 bin/obj/crt0.o
 .data          0x00000000        0x0 bin/obj/crt0.o
 .bss           0x00000000        0x0 bin/obj/crt0.o
 .text.__early_init
                0x00000000       0x10 bin/obj/crt0.o
 .text          0x00000000        0x0 bin/obj/vectors.o
 .data          0x00000000        0x0 bin/obj/vectors.o
 .bss           0x00000000        0x0 bin/obj/vectors.o
 .text          0x00000000        0x0 bin/obj/chcore.o
 .data          0x00000000        0x0 bin/obj/chcore.o
 .bss           0x00000000        0x0 bin/obj/chcore.o
 .text          0x00000000        0x0 bin/obj/chcore_v7m.o
 .data          0x00000000        0x0 bin/obj/chcore_v7m.o
 .bss           0x00000000        0x0 bin/obj/chcore_v7m.o
 .text          0x00000000        0x0 bin/obj/nvic.o
 .data          0x00000000        0x0 bin/obj/nvic.o
 .bss           0x00000000        0x0 bin/obj/nvic.o
 .text          0x00000000        0x0 bin/obj/chsys.o
 .data          0x00000000        0x0 bin/obj/chsys.o
 .bss           0x00000000        0x0 bin/obj/chsys.o
 .text          0x00000000        0x0 bin/obj/chdebug.o
 .data          0x00000000        0x0 bin/obj/chdebug.o
 .bss           0x00000000        0x0 bin/obj/chdebug.o
 .debug_info    0x00000000       0x79 bin/obj/chdebug.o
 .debug_abbrev  0x00000000       0x26 bin/obj/chdebug.o
 .debug_aranges
                0x00000000       0x18 bin/obj/chdebug.o
[...]
Memory Configuration

Name             Origin             Length             Attributes
flash            0x08000000         0x00060000
ram              0x20000000         0x00010000
*default*        0x00000000         0xffffffff

Linker script and memory map

LOAD bin/obj/crt0.o
LOAD bin/obj/vectors.o
LOAD bin/obj/chcore.o
LOAD bin/obj/chcore_v7m.o
LOAD bin/obj/nvic.o
LOAD bin/obj/chsys.o
LOAD bin/obj/chdebug.o
LOAD bin/obj/chlists.o
LOAD bin/obj/chvt.o
LOAD bin/obj/chschd.o
LOAD bin/obj/chthreads.o
LOAD bin/obj/chdynamic.o
LOAD bin/obj/chregistry.o
LOAD bin/obj/chsem.o
LOAD bin/obj/chmtx.o
LOAD bin/obj/chcond.o
LOAD bin/obj/chevents.o
LOAD bin/obj/chmsg.o
LOAD bin/obj/chmboxes.o
LOAD bin/obj/chqueues.o
LOAD bin/obj/chmemcore.o
LOAD bin/obj/chheap.o
LOAD bin/obj/chmempools.o
LOAD bin/obj/hal.o
LOAD bin/obj/adc.o
LOAD bin/obj/can.o
LOAD bin/obj/ext.o
LOAD bin/obj/gpt.o
LOAD bin/obj/i2c.o
LOAD bin/obj/icu.o
LOAD bin/obj/mac.o
LOAD bin/obj/mmc_spi.o
LOAD bin/obj/mmcsd.o
LOAD bin/obj/pal.o
LOAD bin/obj/pwm.o
LOAD bin/obj/rtc.o
LOAD bin/obj/sdc.o
LOAD bin/obj/serial.o
LOAD bin/obj/serial_usb.o
LOAD bin/obj/spi.o
LOAD bin/obj/tm.o
LOAD bin/obj/uart.o
LOAD bin/obj/usb.o
LOAD bin/obj/stm32_dma.o
LOAD bin/obj/hal_lld.o
LOAD bin/obj/adc_lld.o
LOAD bin/obj/ext_lld_isr.o
LOAD bin/obj/can_lld.o
LOAD bin/obj/ext_lld.o
LOAD bin/obj/mac_lld.o
LOAD bin/obj/sdc_lld.o
LOAD bin/obj/pal_lld.o
LOAD bin/obj/i2c_lld.o
LOAD bin/obj/rtc_lld.o
LOAD bin/obj/spi_lld.o
LOAD bin/obj/gpt_lld.o
LOAD bin/obj/icu_lld.o
LOAD bin/obj/pwm_lld.o
LOAD bin/obj/serial_lld.o
LOAD bin/obj/uart_lld.o
LOAD bin/obj/usb_lld.o
LOAD bin/obj/board.o
LOAD bin/obj/evtimer.o
LOAD bin/obj/syscalls.o
LOAD bin/obj/chprintf.o
LOAD bin/obj/vexshell.o
LOAD bin/obj/vexcortex.o
LOAD bin/obj/vexdigital.o
LOAD bin/obj/vexconfig.o
LOAD bin/obj/vexext.o
LOAD bin/obj/vexencoder.o
LOAD bin/obj/vexsonar.o
LOAD bin/obj/vexmotor.o
LOAD bin/obj/vexspi.o
LOAD bin/obj/vexlcd.o
LOAD bin/obj/vexanalog.o
LOAD bin/obj/vexctl.o
LOAD bin/obj/vexime.o
LOAD bin/obj/vexprintf.o
LOAD bin/obj/vexaudio.o
LOAD bin/obj/vexrttl.o
LOAD bin/obj/vexsensor.o
LOAD bin/obj/vexbkup.o
LOAD bin/obj/vextest.o
LOAD bin/obj/vexuser.o
LOAD bin/obj/main.o
LOAD c:/yagarto-20121222/bin/../lib/gcc/arm-none-eabi/4.7.2/../../../../arm-none-eabi/lib/thumb/v7m\libm.a
START GROUP
LOAD c:/yagarto-20121222/bin/../lib/gcc/arm-none-eabi/4.7.2/thumb/v7m\libgcc.a
LOAD c:/yagarto-20121222/bin/../lib/gcc/arm-none-eabi/4.7.2/../../../../arm-none-eabi/lib/thumb/v7m\libc.a
END GROUP
                0x00000400                __main_stack_size__ = 0x400
                0x00000400                __process_stack_size__ = 0x400
                0x20000000                __ram_start__ = ORIGIN (ram)
                0x00010000                __ram_size__ = 0x10000
                0x20010000                __ram_end__ = (__ram_start__ + __ram_size__)
                0x00000000                . = 0x0
                0x00000000                _text = .

startup         0x08000000      0x130
 *(vectors)
 vectors        0x08000000      0x130 bin/obj/vectors.o
                0x08000000                _vectors

constructors    0x08000130        0x0
                0x08000130                PROVIDE (__init_array_start, .)
 *(SORT(.init_array.*))
 *(.init_array)
                0x08000130                PROVIDE (__init_array_end, .)

destructors     0x08000130        0x0
                0x08000130                PROVIDE (__fini_array_start, .)
 *(.fini_array)
 *(SORT(.fini_array.*))
                0x08000130                PROVIDE (__fini_array_end, .)

.text           0x08000130     0x87c4
 *(.text.startup.*)
 .text.startup.main
                0x08000130       0x60 bin/obj/main.o
                0x08000130                main
 *(.text)
 .text          0x08000190      0x370 c:/yagarto-20121222/bin/../lib/gcc/arm-none-eabi/4.7.2/thumb/v7m\libgcc.a(_arm_addsubdf3.o)
                0x08000190                __aeabi_drsub
                0x08000198                __aeabi_dsub
                0x08000198                __subdf3
                0x0800019c                __aeabi_dadd
                0x0800019c                __adddf3
                0x08000414                __floatunsidf
                0x08000414                __aeabi_ui2d
                0x08000434                __floatsidf
                0x08000434                __aeabi_i2d
                0x08000458                __aeabi_f2d
                0x08000458                __extendsfdf2
                0x08000494                __floatundidf
                0x08000494                __aeabi_ul2d
                0x080004a4                __floatdidf
                0x080004a4                __aeabi_l2d
 .text          0x08000500      0x424 c:/yagarto-20121222/bin/../lib/gcc/arm-none-eabi/4.7.2/thumb/v7m\libgcc.a(_arm_muldivdf3.o)
                0x08000500                __aeabi_dmul
                0x08000500                __muldf3
                0x08000754                __divdf3
                0x08000754                __aeabi_ddiv
 *fill*         0x08000924        0xc 
 .text          0x08000930      0x110 c:/yagarto-20121222/bin/../lib/gcc/arm-none-eabi/4.7.2/thumb/v7m\libgcc.a(_arm_cmpdf2.o)
                0x08000930                __gtdf2
                0x08000930                __gedf2
                0x08000938                __ltdf2
                0x08000938                __ledf2
                0x08000940                __nedf2
                0x08000940                __eqdf2
                0x08000940                __cmpdf2
                0x080009bc                __aeabi_cdrcmple
                0x080009cc                __aeabi_cdcmpeq
                0x080009cc                __aeabi_cdcmple
                0x080009dc                __aeabi_dcmpeq
                0x080009f0                __aeabi_dcmplt
                0x08000a04                __aeabi_dcmple
                0x08000a18                __aeabi_dcmpge
                0x08000a2c                __aeabi_dcmpgt
 .text          0x08000a40       0x40 c:/yagarto-20121222/bin/../lib/gcc/arm-none-eabi/4.7.2/thumb/v7m\libgcc.a(_arm_fixunsdfsi.o)
                0x08000a40                __aeabi_d2uiz
                0x08000a40                __fixunsdfsi
 .text          0x08000a80       0x10 c:/yagarto-20121222/bin/../lib/gcc/arm-none-eabi/4.7.2/../../../../arm-none-eabi/lib/thumb/v7m\libc.a(lib_a-atoi.o)
                0x08000a80                atoi
                0x08000a88                _atoi_r
 .text          0x08000a90       0x98 c:/yagarto-20121222/bin/../lib/gcc/arm-none-eabi/4.7.2/../../../../arm-none-eabi/lib/thumb/v7m\libc.a(lib_a-memset.o)
                0x08000a90                memset
 *fill*         0x08000b28        0x8 
 .text          0x08000b30       0x44 c:/yagarto-20121222/bin/../lib/gcc/arm-none-eabi/4.7.2/../../../../arm-none-eabi/lib/thumb/v7m\libc.a(lib_a-strcasecmp.o)
                0x08000b30                strcasecmp
 *fill*         0x08000b74        0xc 
 .text          0x08000b80      0x100 c:/yagarto-20121222/bin/../lib/gcc/arm-none-eabi/4.7.2/../../../../arm-none-eabi/lib/thumb/v7m\libc.a(lib_a-strchr.o)
                0x08000b80                strchr
 .text          0x08000c80       0x64 c:/yagarto-20121222/bin/../lib/gcc/arm-none-eabi/4.7.2/../../../../arm-none-eabi/lib/thumb/v7m\libc.a(lib_a-strncpy.o)
                0x08000c80                strncpy
 *fill*         0x08000ce4        0xc 
 .text          0x08000cf0       0x40 c:/yagarto-20121222/bin/../lib/gcc/arm-none-eabi/4.7.2/../../../../arm-none-eabi/lib/thumb/v7m\libc.a(lib_a-strspn.o)
                0x08000cf0                strspn
 .text          0x08000d30      0x15c c:/yagarto-20121222/bin/../lib/gcc/arm-none-eabi/4.7.2/../../../../arm-none-eabi/lib/thumb/v7m\libc.a(lib_a-strtol.o)
                0x08000d30                _strtol_r
                0x08000e70                strtol
 *fill*         0x08000e8c        0x4 
 .text          0x08000e90      0x278 c:/yagarto-20121222/bin/../lib/gcc/arm-none-eabi/4.7.2/thumb/v7m\libgcc.a(_udivsi3.o)
                0x08000e90                __aeabi_uidiv
                0x08000e90                __udivsi3
                0x080010ec                __aeabi_uidivmod
 *fill*         0x08001108        0x8 
 .text          0x08001110        0x4 c:/yagarto-20121222/bin/../lib/gcc/arm-none-eabi/4.7.2/thumb/v7m\libgcc.a(_dvmd_tls.o)
                0x08001110                __aeabi_idiv0
                0x08001110                __aeabi_ldiv0
 *(.text.*)
 *fill*         0x08001114        0xc 
 .text.__late_init
                0x08001120       0x10 bin/obj/crt0.o
                0x08001120                __late_init
 .text._default_exit
                0x08001130       0x10 bin/obj/crt0.o
                0x08001130                _default_exit
 .text.ResetHandler
                0x08001140      0x120 bin/obj/crt0.o
                0x08001140                ResetHandler
 .text._unhandled_exception
                0x08001260       0x10 bin/obj/vectors.o
                0x08001260                VectorAC
                0x08001260                NMIVector
                0x08001260                Vector11C
                0x08001260                Vector8C
                0x08001260                Vector110
                0x08001260                VectorC8
                0x08001260                Vector94
                0x08001260                VectorA8
                0x08001260                VectorB4
                0x08001260                VectorEC
                0x08001260                UsageFaultVector
                0x08001260                DebugMonitorVector
                0x08001260                Vector40
                0x08001260                VectorF8
                0x08001260                PendSVVector
                0x08001260                Vector118
                0x08001260                VectorCC
                0x08001260                Vector54
                0x08001260                Vector98
                0x08001260                Vector24
                0x08001260                BusFaultVector
                0x08001260                VectorD0
                0x08001260                HardFaultVector
                0x08001260                VectorF0
                0x08001260                Vector100
                0x08001260                VectorF4
                0x08001260                MemManageVector
                0x08001260                VectorA0
                0x08001260                VectorC4
                0x08001260                Vector90
                0x08001260                Vector114
                0x08001260                Vector1C
                0x08001260                Vector48
                0x08001260                Vector4C
                0x08001260                _unhandled_exception
                0x08001260                Vector88
                0x08001260                Vector104
                0x08001260                Vector10C
                0x08001260                Vector50
                0x08001260                Vector28
                0x08001260                VectorFC
                0x08001260                Vector34
                0x08001260                Vector20
 .text.port_halt
                0x08001270       0x10 bin/obj/chcore.o
                0x08001270                port_halt
 .text._port_switch_from_isr
                0x08001280       0x10 bin/obj/chcore_v7m.o
                0x08001280                _port_switch_from_isr
 .text.SVCallVector
                0x08001290       0x20 bin/obj/chcore_v7m.o
                0x08001290                SVCallVector
 .text._port_init
                0x080012b0       0x40 bin/obj/chcore_v7m.o
                0x080012b0                _port_init
 .text._port_irq_epilogue
                0x080012f0       0x70 bin/obj/chcore_v7m.o
                0x080012f0                _port_irq_epilogue
 .text.SysTickVector
                0x08001360       0x20 bin/obj/chcore_v7m.o
                0x08001360                SysTickVector
 .text._port_switch
                0x08001380       0x10 bin/obj/chcore_v7m.o
                0x08001380                _port_switch
 .text._port_thread_start
                0x08001390       0x10 bin/obj/chcore_v7m.o
                0x08001390                _port_thread_start
 .text.nvicEnableVector
                0x080013a0       0x50 bin/obj/nvic.o
                0x080013a0                nvicEnableVector
 .text.nvicDisableVector
                0x080013f0       0x40 bin/obj/nvic.o
                0x080013f0                nvicDisableVector
 .text.nvicSetSystemHandlerPriority
                0x08001430       0x30 bin/obj/nvic.o
                0x08001430                nvicSetSystemHandlerPriority
 .text._idle_thread
                0x08001460       0x20 bin/obj/chsys.o
                0x08001460                _idle_thread
 .text.chSysInit
                0x08001480       0x70 bin/obj/chsys.o
                0x08001480                chSysInit
 .text.chSysTimerHandlerI
                0x080014f0       0x60 bin/obj/chsys.o
                0x080014f0                chSysTimerHandlerI
 .text._vt_init
                0x08001550       0x20 bin/obj/chvt.o
                0x08001550                _vt_init
 .text.chVTSetI
                0x08001570       0x40 bin/obj/chvt.o
                0x08001570                chVTSetI
 .text.chVTResetI
                0x080015b0       0x30 bin/obj/chvt.o
                0x080015b0                chVTResetI
 .text.wakeup   0x080015e0       0x60 bin/obj/chschd.o
 .text._scheduler_init
                0x08001640       0x20 bin/obj/chschd.o
                0x08001640                _scheduler_init
 .text.chSchReadyI
                0x08001660       0x20 bin/obj/chschd.o
                0x08001660                chSchReadyI
 .text.chSchGoSleepS
                0x08001680       0x30 bin/obj/chschd.o
                0x08001680                chSchGoSleepS
 .text.chSchGoSleepTimeoutS
                0x080016b0       0x40 bin/obj/chschd.o
                0x080016b0                chSchGoSleepTimeoutS
 .text.chSchWakeupS
                0x080016f0       0x60 bin/obj/chschd.o
                0x080016f0                chSchWakeupS
 .text.chSchDoRescheduleBehind
                0x08001750       0x40 bin/obj/chschd.o
                0x08001750                chSchDoRescheduleBehind
 .text.chSchDoRescheduleAhead
                0x08001790       0x40 bin/obj/chschd.o
                0x08001790                chSchDoRescheduleAhead
 .text.chSchDoReschedule
                0x080017d0       0x20 bin/obj/chschd.o
                0x080017d0                chSchDoReschedule
 .text._thread_init
                0x080017f0       0x50 bin/obj/chthreads.o
                0x080017f0                _thread_init
 .text.chThdCreateI
                0x08001840       0x70 bin/obj/chthreads.o
                0x08001840                chThdCreateI
 .text.chThdCreateStatic
                0x080018b0       0x30 bin/obj/chthreads.o
                0x080018b0                chThdCreateStatic
 .text.chThdSleep
                0x080018e0       0x20 bin/obj/chthreads.o
                0x080018e0                chThdSleep
 .text.chThdSleepUntil
                0x08001900       0x30 bin/obj/chthreads.o
                0x08001900                chThdSleepUntil
 .text.chThdExitS
                0x08001930       0x40 bin/obj/chthreads.o
                0x08001930                chThdExitS
 .text.chThdExit
                0x08001970       0x10 bin/obj/chthreads.o
                0x08001970                chThdExit
 .text.chThdWait
                0x08001980       0x40 bin/obj/chthreads.o
                0x08001980                chThdWait
 .text.chThdRelease
                0x080019c0       0x50 bin/obj/chdynamic.o
                0x080019c0                chThdRelease
 .text.chThdCreateFromHeap
                0x08001a10       0x40 bin/obj/chdynamic.o
                0x08001a10                chThdCreateFromHeap
 .text.chRegFirstThread
                0x08001a50       0x20 bin/obj/chregistry.o
                0x08001a50                chRegFirstThread
 .text.chRegNextThread
                0x08001a70       0x30 bin/obj/chregistry.o
                0x08001a70                chRegNextThread
 .text.chMtxInit
                0x08001aa0       0x10 bin/obj/chmtx.o
                0x08001aa0                chMtxInit
 .text.chMtxLockS
                0x08001ab0       0xd0 bin/obj/chmtx.o
                0x08001ab0                chMtxLockS
 .text.chMtxLock
                0x08001b80       0x20 bin/obj/chmtx.o
                0x08001b80                chMtxLock
 .text.chMtxUnlock
                0x08001ba0       0x60 bin/obj/chmtx.o
                0x08001ba0                chMtxUnlock
 .text.chEvtRegisterMask
                0x08001c00       0x30 bin/obj/chevents.o
                0x08001c00                chEvtRegisterMask
 .text.chEvtUnregister
                0x08001c30       0x30 bin/obj/chevents.o
                0x08001c30                chEvtUnregister
 .text.chEvtSignalI
                0x08001c60       0x30 bin/obj/chevents.o
                0x08001c60                chEvtSignalI
 .text.chEvtBroadcastFlagsI
                0x08001c90       0x30 bin/obj/chevents.o
                0x08001c90                chEvtBroadcastFlagsI
 .text.chEvtWaitAnyTimeout
                0x08001cc0       0x50 bin/obj/chevents.o
                0x08001cc0                chEvtWaitAnyTimeout
 .text.qwait    0x08001d10       0x30 bin/obj/chqueues.o
 .text.chIQInit
                0x08001d40       0x20 bin/obj/chqueues.o
                0x08001d40                chIQInit
 .text.chIQResetI
                0x08001d60       0x30 bin/obj/chqueues.o
                0x08001d60                chIQResetI
 .text.chIQPutI
                0x08001d90       0x50 bin/obj/chqueues.o
                0x08001d90                chIQPutI
 .text.chIQGetTimeout
                0x08001de0       0x50 bin/obj/chqueues.o
                0x08001de0                chIQGetTimeout
 .text.chIQReadTimeout
                0x08001e30       0x80 bin/obj/chqueues.o
                0x08001e30                chIQReadTimeout
 .text.chOQInit
                0x08001eb0       0x20 bin/obj/chqueues.o
                0x08001eb0                chOQInit
 .text.chOQPutTimeout
                0x08001ed0       0x50 bin/obj/chqueues.o
                0x08001ed0                chOQPutTimeout
 .text.chOQGetI
                0x08001f20       0x50 bin/obj/chqueues.o
                0x08001f20                chOQGetI
 .text.chOQWriteTimeout
                0x08001f70       0x80 bin/obj/chqueues.o
                0x08001f70                chOQWriteTimeout
 .text._core_init
                0x08001ff0       0x30 bin/obj/chmemcore.o
                0x08001ff0                _core_init
 .text.chCoreAlloc
                0x08002020       0x40 bin/obj/chmemcore.o
                0x08002020                chCoreAlloc
 .text.chCoreStatus
                0x08002060       0x20 bin/obj/chmemcore.o
                0x08002060                chCoreStatus
 .text._heap_init
                0x08002080       0x20 bin/obj/chheap.o
                0x08002080                _heap_init
 .text.chHeapAlloc
                0x080020a0       0x90 bin/obj/chheap.o
                0x080020a0                chHeapAlloc
 .text.chHeapFree
                0x08002130       0x90 bin/obj/chheap.o
                0x08002130                chHeapFree
 .text.chHeapStatus
                0x080021c0       0x40 bin/obj/chheap.o
                0x080021c0                chHeapStatus
 .text.chPoolFree
                0x08002200       0x20 bin/obj/chmempools.o
                0x08002200                chPoolFree
 .text.halInit  0x08002220       0x40 bin/obj/hal.o
                0x08002220                halInit
 .text.adcInit  0x08002260       0x10 bin/obj/adc.o
                0x08002260                adcInit
 .text.adcObjectInit
                0x08002270       0x20 bin/obj/adc.o
                0x08002270                adcObjectInit
 .text.adcStart
                0x08002290       0x20 bin/obj/adc.o
                0x08002290                adcStart
 .text.adcStartConversion
                0x080022b0       0x30 bin/obj/adc.o
                0x080022b0                adcStartConversion
 .text.extInit  0x080022e0       0x10 bin/obj/ext.o
                0x080022e0                extInit
 .text.extObjectInit
                0x080022f0       0x10 bin/obj/ext.o
                0x080022f0                extObjectInit
 .text.extStart
                0x08002300       0x20 bin/obj/ext.o
                0x08002300                extStart
 .text.extChannelEnable
                0x08002320       0x20 bin/obj/ext.o
                0x08002320                extChannelEnable
 .text.gptInit  0x08002340       0x10 bin/obj/gpt.o
                0x08002340                gptInit
 .text.gptObjectInit
                0x08002350       0x10 bin/obj/gpt.o
                0x08002350                gptObjectInit
 .text.gptStart
                0x08002360       0x20 bin/obj/gpt.o
                0x08002360                gptStart
 .text.gptStartOneShotI
                0x08002380       0x10 bin/obj/gpt.o
                0x08002380                gptStartOneShotI
 .text.gptStartOneShot
                0x08002390       0x20 bin/obj/gpt.o
                0x08002390                gptStartOneShot
 .text.i2cInit  0x080023b0       0x10 bin/obj/i2c.o
                0x080023b0                i2cInit
 .text.i2cObjectInit
                0x080023c0       0x10 bin/obj/i2c.o
                0x080023c0                i2cObjectInit
 .text.i2cStart
                0x080023d0       0x20 bin/obj/i2c.o
                0x080023d0                i2cStart
 .text.i2cStop  0x080023f0       0x20 bin/obj/i2c.o
                0x080023f0                i2cStop
 .text.i2cGetErrors
                0x08002410       0x10 bin/obj/i2c.o
                0x08002410                i2cGetErrors
 .text.i2cMasterTransmitTimeout
                0x08002420       0x40 bin/obj/i2c.o
                0x08002420                i2cMasterTransmitTimeout
 .text.i2cAcquireBus
                0x08002460       0x10 bin/obj/i2c.o
                0x08002460                i2cAcquireBus
 .text.i2cReleaseBus
                0x08002470       0x10 bin/obj/i2c.o
                0x08002470                i2cReleaseBus
 .text.readt    0x08002480       0x10 bin/obj/serial.o
 .text.read     0x08002490       0x10 bin/obj/serial.o
 .text.writet   0x080024a0       0x10 bin/obj/serial.o
 .text.write    0x080024b0       0x10 bin/obj/serial.o
 .text.gett     0x080024c0       0x10 bin/obj/serial.o
 .text.get      0x080024d0       0x10 bin/obj/serial.o
 .text.putt     0x080024e0       0x10 bin/obj/serial.o
 .text.put      0x080024f0       0x10 bin/obj/serial.o
 .text.sdInit   0x08002500       0x10 bin/obj/serial.o
                0x08002500                sdInit
 .text.sdObjectInit
                0x08002510       0x50 bin/obj/serial.o
                0x08002510                sdObjectInit
 .text.sdStart  0x08002560       0x20 bin/obj/serial.o
                0x08002560                sdStart
 .text.sdIncomingDataI
                0x08002580       0x40 bin/obj/serial.o
                0x08002580                sdIncomingDataI
 .text.spiInit  0x080025c0       0x10 bin/obj/spi.o
                0x080025c0                spiInit
 .text.spiObjectInit
                0x080025d0       0x10 bin/obj/spi.o
                0x080025d0                spiObjectInit
 .text.spiStart
                0x080025e0       0x20 bin/obj/spi.o
                0x080025e0                spiStart
 .text.tm_start
                0x08002600       0x10 bin/obj/tm.o
 .text.tm_stop  0x08002610       0x30 bin/obj/tm.o
 .text.tmInit   0x08002640       0x50 bin/obj/tm.o
                0x08002640                tmInit
 .text.Vector6C
                0x08002690       0x30 bin/obj/stm32_dma.o
                0x08002690                Vector6C
 .text.Vector70
                0x080026c0       0x30 bin/obj/stm32_dma.o
                0x080026c0                Vector70
 .text.Vector74
                0x080026f0       0x30 bin/obj/stm32_dma.o
                0x080026f0                Vector74
 .text.Vector78
                0x08002720       0x30 bin/obj/stm32_dma.o
                0x08002720                Vector78
 .text.Vector7C
                0x08002750       0x30 bin/obj/stm32_dma.o
                0x08002750                Vector7C
 .text.Vector80
                0x08002780       0x30 bin/obj/stm32_dma.o
                0x08002780                Vector80
 .text.Vector84
                0x080027b0       0x30 bin/obj/stm32_dma.o
                0x080027b0                Vector84
 .text.Vector120
                0x080027e0       0x30 bin/obj/stm32_dma.o
                0x080027e0                Vector120
 .text.Vector124
                0x08002810       0x30 bin/obj/stm32_dma.o
                0x08002810                Vector124
 .text.Vector128
                0x08002840       0x30 bin/obj/stm32_dma.o
                0x08002840                Vector128
 .text.Vector12C
                0x08002870       0x50 bin/obj/stm32_dma.o
                0x08002870                Vector12C
 .text.dmaInit  0x080028c0       0x50 bin/obj/stm32_dma.o
                0x080028c0                dmaInit
 .text.dmaStreamAllocate
                0x08002910       0x90 bin/obj/stm32_dma.o
                0x08002910                dmaStreamAllocate
 .text.dmaStreamRelease
                0x080029a0       0x50 bin/obj/stm32_dma.o
                0x080029a0                dmaStreamRelease
 .text.hal_lld_init
                0x080029f0       0x80 bin/obj/hal_lld.o
                0x080029f0                hal_lld_init
 .text.stm32_clock_init
                0x08002a70       0xb0 bin/obj/hal_lld.o
                0x08002a70                stm32_clock_init
 .text.adc_lld_serve_rx_interrupt
                0x08002b20      0x110 bin/obj/adc_lld.o
 .text.adc_lld_init
                0x08002c30       0x80 bin/obj/adc_lld.o
                0x08002c30                adc_lld_init
 .text.adc_lld_start
                0x08002cb0       0x50 bin/obj/adc_lld.o
                0x08002cb0                adc_lld_start
 .text.adc_lld_start_conversion
                0x08002d00       0x80 bin/obj/adc_lld.o
                0x08002d00                adc_lld_start_conversion
 .text.Vector58
                0x08002d80       0x30 bin/obj/ext_lld_isr.o
                0x08002d80                Vector58
 .text.Vector5C
                0x08002db0       0x30 bin/obj/ext_lld_isr.o
                0x08002db0                Vector5C
 .text.Vector60
                0x08002de0       0x30 bin/obj/ext_lld_isr.o
                0x08002de0                Vector60
 .text.Vector64
                0x08002e10       0x30 bin/obj/ext_lld_isr.o
                0x08002e10                Vector64
 .text.Vector68
                0x08002e40       0x30 bin/obj/ext_lld_isr.o
                0x08002e40                Vector68
 .text.Vector9C
                0x08002e70       0x70 bin/obj/ext_lld_isr.o
                0x08002e70                Vector9C
 .text.VectorE0
                0x08002ee0       0x80 bin/obj/ext_lld_isr.o
                0x08002ee0                VectorE0
 .text.Vector44
                0x08002f60       0x30 bin/obj/ext_lld_isr.o
                0x08002f60                Vector44
 .text.VectorE4
                0x08002f90       0x30 bin/obj/ext_lld_isr.o
                0x08002f90                VectorE4
 .text.VectorE8
                0x08002fc0       0x30 bin/obj/ext_lld_isr.o
                0x08002fc0                VectorE8
 .text.ext_lld_exti_irq_enable
                0x08002ff0       0x60 bin/obj/ext_lld_isr.o
                0x08002ff0                ext_lld_exti_irq_enable
 .text.ext_lld_init
                0x08003050       0x10 bin/obj/ext_lld.o
                0x08003050                ext_lld_init
 .text.ext_lld_channel_enable
                0x08003060       0xb0 bin/obj/ext_lld.o
                0x08003060                ext_lld_channel_enable
 .text.ext_lld_channel_disable
                0x08003110       0x30 bin/obj/ext_lld.o
                0x08003110                ext_lld_channel_disable
 .text.ext_lld_start
                0x08003140       0x40 bin/obj/ext_lld.o
                0x08003140                ext_lld_start
 .text._pal_lld_init
                0x08003180       0xb0 bin/obj/pal_lld.o
                0x08003180                _pal_lld_init
 .text._pal_lld_setgroupmode
                0x08003230       0x60 bin/obj/pal_lld.o
                0x08003230                _pal_lld_setgroupmode
 .text.i2c_lld_abort_operation
                0x08003290       0x50 bin/obj/i2c_lld.o
 .text.i2c_lld_safety_timeout
                0x080032e0       0x30 bin/obj/i2c_lld.o
 .text.i2c_lld_serve_tx_end_irq
                0x08003310       0x40 bin/obj/i2c_lld.o
 .text.i2c_lld_serve_rx_end_irq
                0x08003350       0x70 bin/obj/i2c_lld.o
 .text.VectorBC
                0x080033c0      0x120 bin/obj/i2c_lld.o
                0x080033c0                VectorBC
 .text.VectorC0
                0x080034e0       0xf0 bin/obj/i2c_lld.o
                0x080034e0                VectorC0
 .text.i2c_lld_init
                0x080035d0       0x30 bin/obj/i2c_lld.o
                0x080035d0                i2c_lld_init
 .text.i2c_lld_start
                0x08003600      0x180 bin/obj/i2c_lld.o
                0x08003600                i2c_lld_start
 .text.i2c_lld_stop
                0x08003780       0x50 bin/obj/i2c_lld.o
                0x08003780                i2c_lld_stop
 .text.i2c_lld_master_transmit_timeout
                0x080037d0       0xf0 bin/obj/i2c_lld.o
                0x080037d0                i2c_lld_master_transmit_timeout
 .text.spi_lld_serve_tx_interrupt
                0x080038c0       0x10 bin/obj/spi_lld.o
 .text.spi_lld_serve_rx_interrupt
                0x080038d0       0x80 bin/obj/spi_lld.o
 .text.spi_lld_init
                0x08003950       0x50 bin/obj/spi_lld.o
                0x08003950                spi_lld_init
 .text.spi_lld_start
                0x080039a0       0xb0 bin/obj/spi_lld.o
                0x080039a0                spi_lld_start
 .text.spi_lld_select
                0x08003a50       0x10 bin/obj/spi_lld.o
                0x08003a50                spi_lld_select
 .text.spi_lld_unselect
                0x08003a60       0x10 bin/obj/spi_lld.o
                0x08003a60                spi_lld_unselect
 .text.spi_lld_polled_exchange
                0x08003a70       0x10 bin/obj/spi_lld.o
                0x08003a70                spi_lld_polled_exchange
 .text.gpt_lld_serve_interrupt
                0x08003a80       0x30 bin/obj/gpt_lld.o
 .text.VectorA4
                0x08003ab0       0x20 bin/obj/gpt_lld.o
                0x08003ab0                VectorA4
 .text.VectorB0
                0x08003ad0       0x20 bin/obj/gpt_lld.o
                0x08003ad0                VectorB0
 .text.Vector108
                0x08003af0       0x20 bin/obj/gpt_lld.o
                0x08003af0                Vector108
 .text.gpt_lld_init
                0x08003b10       0x50 bin/obj/gpt_lld.o
                0x08003b10                gpt_lld_init
 .text.gpt_lld_start
                0x08003b60       0xd0 bin/obj/gpt_lld.o
                0x08003b60                gpt_lld_start
 .text.gpt_lld_start_timer
                0x08003c30       0x20 bin/obj/gpt_lld.o
                0x08003c30                gpt_lld_start_timer
 .text.notify1  0x08003c50       0x20 bin/obj/serial_lld.o
 .text.notify2  0x08003c70       0x20 bin/obj/serial_lld.o
 .text.notify3  0x08003c90       0x20 bin/obj/serial_lld.o
 .text.serve_interrupt
                0x08003cb0      0x120 bin/obj/serial_lld.o
 .text.VectorD4
                0x08003dd0       0x20 bin/obj/serial_lld.o
                0x08003dd0                VectorD4
 .text.VectorD8
                0x08003df0       0x20 bin/obj/serial_lld.o
                0x08003df0                VectorD8
 .text.VectorDC
                0x08003e10       0x20 bin/obj/serial_lld.o
                0x08003e10                VectorDC
 .text.sd_lld_init
                0x08003e30       0x70 bin/obj/serial_lld.o
                0x08003e30                sd_lld_init
 .text.sd_lld_start
                0x08003ea0       0xe0 bin/obj/serial_lld.o
                0x08003ea0                sd_lld_start
 .text.__early_init
                0x08003f80       0x10 bin/obj/board.o
                0x08003f80                __early_init
 .text.boardInit
                0x08003f90       0x10 bin/obj/board.o
                0x08003f90                boardInit
 .text.long_to_string_with_divisor.constprop.0
                0x08003fa0       0x50 bin/obj/chprintf.o
 .text.chvprintf
                0x08003ff0      0x270 bin/obj/chprintf.o
                0x08003ff0                chvprintf
 .text.cmd_flags
                0x08004260       0xf0 bin/obj/vexshell.o
 .text.cmd_reboot
                0x08004350       0x50 bin/obj/vexshell.o
 .text.cmd_threads
                0x080043a0       0x90 bin/obj/vexshell.o
 .text.cmd_mem  0x08004430       0x80 bin/obj/vexshell.o
 .text.cmd_systime
                0x080044b0       0x30 bin/obj/vexshell.o
 .text.cmd_info
                0x080044e0       0xe0 bin/obj/vexshell.o
 .text._strtok.constprop.5
                0x080045c0       0x40 bin/obj/vexshell.o
 .text.shellInit
                0x08004600       0x10 bin/obj/vexshell.o
                0x08004600                shellInit
 .text.shellCreate
                0x08004610       0x20 bin/obj/vexshell.o
                0x08004610                shellCreate
 .text.shellGetLine
                0x08004630      0x1f0 bin/obj/vexshell.o
                0x08004630                shellGetLine
 .text.shell_thread
                0x08004820      0x200 bin/obj/vexshell.o
 .text.vexCortexMonitorTask
                0x08004a20      0x160 bin/obj/vexcortex.o
 .text.vexCortexSystemTask
                0x08004b80       0x50 bin/obj/vexcortex.o
 .text.vexTaskRegisterPersistant
                0x08004bd0       0x70 bin/obj/vexcortex.o
                0x08004bd0                vexTaskRegisterPersistant
 .text.vexTaskRegister
                0x08004c40       0x10 bin/obj/vexcortex.o
                0x08004c40                vexTaskRegister
 .text.vexSleep
                0x08004c50       0xc0 bin/obj/vexcortex.o
                0x08004c50                vexSleep
 .text.vexCortexInit
                0x08004d10       0xf0 bin/obj/vexcortex.o
                0x08004d10                vexCortexInit
 .text.vexConsoleInit
                0x08004e00       0x20 bin/obj/vexcortex.o
                0x08004e00                vexConsoleInit
 .text._vi_cb   0x08004e20       0x50 bin/obj/vexdigital.o
 .text.vexDigitalModeSet
                0x08004e70       0x40 bin/obj/vexdigital.o
                0x08004e70                vexDigitalModeSet
 .text.vexDigitalPinSet
                0x08004eb0       0x30 bin/obj/vexdigital.o
                0x08004eb0                vexDigitalPinSet
 .text.vexDigitalIntrSet
                0x08004ee0       0x60 bin/obj/vexdigital.o
                0x08004ee0                vexDigitalIntrSet
 .text.vexDigitalIntrRun
                0x08004f40       0x30 bin/obj/vexdigital.o
                0x08004f40                vexDigitalIntrRun
 .text.vexDigitalConfigure
                0x08004f70      0x130 bin/obj/vexconfig.o
                0x08004f70                vexDigitalConfigure
 .text.vexMotorConfigure
                0x080050a0       0xe0 bin/obj/vexconfig.o
                0x080050a0                vexMotorConfigure
 .text.vexExtSet
                0x08005180       0x60 bin/obj/vexext.o
                0x08005180                vexExtSet
 .text.vexExtIrqInit
                0x080051e0       0x20 bin/obj/vexext.o
                0x080051e0                vexExtIrqInit
 .text._vqe_4_cb_b
                0x08005200       0x50 bin/obj/vexencoder.o
 .text._vqe_5_cb_a
                0x08005250       0x50 bin/obj/vexencoder.o
 .text._vqe_5_cb_b
                0x080052a0       0x50 bin/obj/vexencoder.o
 .text._vqe_1_cb_a
                0x080052f0       0x50 bin/obj/vexencoder.o
 .text._vqe_2_cb_a
                0x08005340       0x50 bin/obj/vexencoder.o
 .text._vqe_3_cb_a
                0x08005390       0x50 bin/obj/vexencoder.o
 .text._vqe_4_cb_a
                0x080053e0       0x50 bin/obj/vexencoder.o
 .text._vqe_1_cb_b
                0x08005430       0x50 bin/obj/vexencoder.o
 .text._vqe_2_cb_b
                0x08005480       0x50 bin/obj/vexencoder.o
 .text._vqe_3_cb_b
                0x080054d0       0x50 bin/obj/vexencoder.o
 .text.vexEncoderInit
                0x08005520       0x30 bin/obj/vexencoder.o
                0x08005520                vexEncoderInit
 .text.vexEncoderAdd
                0x08005550       0xc0 bin/obj/vexencoder.o
                0x08005550                vexEncoderAdd
 .text.vexEncoderStart
                0x08005610       0x40 bin/obj/vexencoder.o
                0x08005610                vexEncoderStart
 .text.vexEncoderStartAll
                0x08005650       0x30 bin/obj/vexencoder.o
                0x08005650                vexEncoderStartAll
 .text.vexEncoderGet
                0x08005680       0x20 bin/obj/vexencoder.o
                0x08005680                vexEncoderGet
 .text.vexEncoderSet
                0x080056a0       0x20 bin/obj/vexencoder.o
                0x080056a0                vexEncoderSet
 .text.vexEncoderGetId
                0x080056c0       0x30 bin/obj/vexencoder.o
                0x080056c0                vexEncoderGetId
 .text.vexEncoderDebug
                0x080056f0       0x40 bin/obj/vexencoder.o
                0x080056f0                vexEncoderDebug
 .text._vs_echo_cb
                0x08005730       0x60 bin/obj/vexsonar.o
 .text._vs_gpt_cb
                0x08005790       0x70 bin/obj/vexsonar.o
 .text.vexSonarAdd
                0x08005800       0x80 bin/obj/vexsonar.o
                0x08005800                vexSonarAdd
 .text.vexSonarStart
                0x08005880       0x20 bin/obj/vexsonar.o
                0x08005880                vexSonarStart
 .text.vexSonarStartAll
                0x080058a0       0x30 bin/obj/vexsonar.o
                0x080058a0                vexSonarStartAll
 .text.vexSonarRun
                0x080058d0       0x50 bin/obj/vexsonar.o
                0x080058d0                vexSonarRun
 .text.vexSonarPing
                0x08005920       0x40 bin/obj/vexsonar.o
                0x08005920                vexSonarPing
 .text.VexSonarTask
                0x08005960      0x100 bin/obj/vexsonar.o
 .text.vexSonarDebug
                0x08005a60       0x60 bin/obj/vexsonar.o
                0x08005a60                vexSonarDebug
 .text.vexMotorSet
                0x08005ac0       0x30 bin/obj/vexmotor.o
                0x08005ac0                vexMotorSet
 .text.vexMotorGet
                0x08005af0       0x20 bin/obj/vexmotor.o
                0x08005af0                vexMotorGet
 .text.vexMotorStopAll
                0x08005b10       0x30 bin/obj/vexmotor.o
                0x08005b10                vexMotorStopAll
 .text.vexMotorTypeSet
                0x08005b40       0x20 bin/obj/vexmotor.o
                0x08005b40                vexMotorTypeSet
 .text.vexMotorDirectionSet
                0x08005b60       0x20 bin/obj/vexmotor.o
                0x08005b60                vexMotorDirectionSet
 .text.vexMotorDirectionGet
                0x08005b80       0x20 bin/obj/vexmotor.o
                0x08005b80                vexMotorDirectionGet
 .text.vexMotorPositionGet
                0x08005ba0       0x40 bin/obj/vexmotor.o
                0x08005ba0                vexMotorPositionGet
 .text.vexMotorPositionGetCallback
                0x08005be0       0x20 bin/obj/vexmotor.o
                0x08005be0                vexMotorPositionGetCallback
 .text.vexMotorPositionSetCallback
                0x08005c00       0x20 bin/obj/vexmotor.o
                0x08005c00                vexMotorPositionSetCallback
 .text.vexMotorEncoderIdCallback
                0x08005c20       0x20 bin/obj/vexmotor.o
                0x08005c20                vexMotorEncoderIdCallback
 .text.vexMotorDebug
                0x08005c40       0xd0 bin/obj/vexmotor.o
                0x08005c40                vexMotorDebug
 .text._vexMotorPwmInit
                0x08005d10      0x150 bin/obj/vexmotor.o
                0x08005d10                _vexMotorPwmInit
 .text.vexMotorInit
                0x08005e60       0x40 bin/obj/vexmotor.o
                0x08005e60                vexMotorInit
 .text._vexMotorPwmSet_0
                0x08005ea0       0x60 bin/obj/vexmotor.o
                0x08005ea0                _vexMotorPwmSet_0
 .text._vexMotorPwmSet_9
                0x08005f00       0x70 bin/obj/vexmotor.o
                0x08005f00                _vexMotorPwmSet_9
 .text.VectorB8
                0x08005f70       0xd0 bin/obj/vexmotor.o
                0x08005f70                VectorB8
 .text.chprintf
                0x08006040       0x20 bin/obj/vexspi.o
 .text._vspi_gpt_cb
                0x08006060       0x30 bin/obj/vexspi.o
 .text.vexSpiInit
                0x08006090       0x50 bin/obj/vexspi.o
                0x08006090                vexSpiInit
 .text.vexSpiGetOnlineStatus
                0x080060e0       0x10 bin/obj/vexspi.o
                0x080060e0                vexSpiGetOnlineStatus
 .text.vexSpiGetJoystickDataPtr
                0x080060f0       0x20 bin/obj/vexspi.o
                0x080060f0                vexSpiGetJoystickDataPtr
 .text.vexSpiGetControl
                0x08006110       0x10 bin/obj/vexspi.o
                0x08006110                vexSpiGetControl
 .text.vexSpiSetMotor
                0x08006120       0x30 bin/obj/vexspi.o
                0x08006120                vexSpiSetMotor
 .text.vexSpiTickDelay
                0x08006150       0x40 bin/obj/vexspi.o
                0x08006150                vexSpiTickDelay
 .text.vexSpiSend
                0x08006190      0x130 bin/obj/vexspi.o
                0x08006190                vexSpiSend
 .text.vexSpiDebug
                0x080062c0      0x180 bin/obj/vexspi.o
                0x080062c0                vexSpiDebug
 .text.vexLcdSendMessage.part.1
                0x08006440       0xa0 bin/obj/vexlcd.o
 .text.vexLcdInit
                0x080064e0       0xb0 bin/obj/vexlcd.o
                0x080064e0                vexLcdInit
 .text.vexLcdSet
                0x08006590       0x30 bin/obj/vexlcd.o
                0x08006590                vexLcdSet
 .text.vexLcdPrintf
                0x080065c0       0x40 bin/obj/vexlcd.o
                0x080065c0                vexLcdPrintf
 .text.vexLcdCheckReceiveMessage
                0x08006600       0x80 bin/obj/vexlcd.o
                0x08006600                vexLcdCheckReceiveMessage
 .text.VexLcdUpdate
                0x08006680       0xf0 bin/obj/vexlcd.o
 .text.vexLcdDebug
                0x08006770       0xa0 bin/obj/vexlcd.o
                0x08006770                vexLcdDebug
 .text.vexAdcInit
                0x08006810       0x40 bin/obj/vexanalog.o
                0x08006810                vexAdcInit
 .text.vexAdcDebug
                0x08006850       0x30 bin/obj/vexanalog.o
                0x08006850                vexAdcDebug
 .text.vexControllerCompetitonState
                0x08006880       0x30 bin/obj/vexctl.o
                0x08006880                vexControllerCompetitonState
 .text.vexControllerGet
                0x080068b0      0x140 bin/obj/vexctl.o
                0x080068b0                vexControllerGet
 .text.vexImeGetCount
                0x080069f0       0x30 bin/obj/vexime.o
                0x080069f0                vexImeGetCount
 .text.vexImeSetCount
                0x08006a20       0x20 bin/obj/vexime.o
                0x08006a20                vexImeSetCount
 .text.vexImeGetId
                0x08006a40       0x20 bin/obj/vexime.o
                0x08006a40                vexImeGetId
 .text.vexImeSetType
                0x08006a60       0x40 bin/obj/vexime.o
                0x08006a60                vexImeSetType
 .text.vexImeSetMotor
                0x08006aa0       0x20 bin/obj/vexime.o
                0x08006aa0                vexImeSetMotor
 .text.vexImeInit
                0x08006ac0       0x60 bin/obj/vexime.o
                0x08006ac0                vexImeInit
 .text.vexIMEDataInit
                0x08006b20       0x50 bin/obj/vexime.o
                0x08006b20                vexIMEDataInit
 .text.vexIMEResetAll
                0x08006b70       0x50 bin/obj/vexime.o
                0x08006b70                vexIMEResetAll
 .text.vexIMEHandleErrors
                0x08006bc0       0x80 bin/obj/vexime.o
                0x08006bc0                vexIMEHandleErrors
 .text.vexIMESetAddr
                0x08006c40       0x60 bin/obj/vexime.o
                0x08006c40                vexIMESetAddr
 .text.vexIMEEnableTermination
                0x08006ca0       0x60 bin/obj/vexime.o
                0x08006ca0                vexIMEEnableTermination
 .text.vexIMEDisableTermination
                0x08006d00       0x60 bin/obj/vexime.o
                0x08006d00                vexIMEDisableTermination
 .text.vexIMEClearCounters
                0x08006d60       0x60 bin/obj/vexime.o
                0x08006d60                vexIMEClearCounters
 .text.vexIMEGetData
                0x08006dc0       0x60 bin/obj/vexime.o
                0x08006dc0                vexIMEGetData
 .text.vexIMEUpdateCounts
                0x08006e20       0x80 bin/obj/vexime.o
                0x08006e20                vexIMEUpdateCounts
 .text.vexIMEGetDeviceId
                0x08006ea0       0x60 bin/obj/vexime.o
                0x08006ea0                vexIMEGetDeviceId
 .text.vexIMEGetVendor
                0x08006f00       0x60 bin/obj/vexime.o
                0x08006f00                vexIMEGetVendor
 .text.vexIMEGetVersion
                0x08006f60       0x60 bin/obj/vexime.o
                0x08006f60                vexIMEGetVersion
 .text.vexIMEFindEncoders
                0x08006fc0      0x100 bin/obj/vexime.o
                0x08006fc0                vexIMEFindEncoders
 .text.vexIMEPrintBuf
                0x080070c0       0x80 bin/obj/vexime.o
                0x080070c0                vexIMEPrintBuf
 .text.vexImeTask
                0x08007140      0x110 bin/obj/vexime.o
 .text.vexIMEDebug
                0x08007250      0x130 bin/obj/vexime.o
                0x08007250                vexIMEDebug
 .text.vex_printc
                0x08007380       0xc0 bin/obj/vexprintf.o
 .text.vex_prints
                0x08007440       0xa0 bin/obj/vexprintf.o
 .text.vex_printi
                0x080074e0       0xd0 bin/obj/vexprintf.o
 .text.vex_print
                0x080075b0      0x400 bin/obj/vexprintf.o
 .text.vex_chprintf
                0x080079b0       0x60 bin/obj/vexprintf.o
                0x080079b0                vex_chprintf
 .text.vex_vsnprintf
                0x08007a10       0x60 bin/obj/vexprintf.o
                0x08007a10                vex_vsnprintf
 .text.vexTestThread
                0x08007a70       0x20 bin/obj/vextest.o
 .text.vexTest  0x08007a90       0x30 bin/obj/vextest.o
                0x08007a90                vexTest
 .text.vexTestDebug
                0x08007ac0       0x10 bin/obj/vextest.o
                0x08007ac0                vexTestDebug
 .text.vexUserSetup
                0x08007ad0       0x30 bin/obj/vexuser.o
                0x08007ad0                vexUserSetup
 .text.vexUserInit
                0x08007b00       0x10 bin/obj/vexuser.o
                0x08007b00                vexUserInit
 .text.vexAutonomous
                0x08007b10       0x20 bin/obj/vexuser.o
                0x08007b10                vexAutonomous
 .text.vexOperator
                0x08007b30      0x180 bin/obj/vexuser.o
                0x08007b30                vexOperator
 *(.rodata)
 .rodata        0x08007cb0        0x4 bin/obj/vexshell.o
 *fill*         0x08007cb4        0xc 
 .rodata        0x08007cc0      0x104 c:/yagarto-20121222/bin/../lib/gcc/arm-none-eabi/4.7.2/../../../../arm-none-eabi/lib/thumb/v7m\libc.a(lib_a-ctype_.o)
                0x08007cc0                _ctype_
 *(.rodata.*)
 *fill*         0x08007dc4        0xc 
 .rodata.str1.4
                0x08007dd0        0x5 bin/obj/chsys.o
                                  0x8 (size before relaxing)
 *fill*         0x08007dd5        0xb 
 .rodata.ch_debug
                0x08007de0       0x18 bin/obj/chregistry.o
                0x08007de0                ch_debug
 *fill*         0x08007df8        0x8 
 .rodata.vmt    0x08007e00       0x20 bin/obj/serial.o
 .rodata._stm32_dma_streams
                0x08007e20       0x90 bin/obj/stm32_dma.o
                0x08007e20                _stm32_dma_streams
 .rodata.cfgtab.6484
                0x08007eb0       0x14 bin/obj/pal_lld.o
 *fill*         0x08007ec4        0xc 
 .rodata.default_config
                0x08007ed0        0xc bin/obj/serial_lld.o
 *fill*         0x08007edc        0x4 
 .rodata.pal_default_config
                0x08007ee0       0x54 bin/obj/board.o
                0x08007ee0                pal_default_config
 *fill*         0x08007f34        0xc 
 .rodata.str1.4
                0x08007f40        0x7 bin/obj/chprintf.o
                                  0x8 (size before relaxing)
 *fill*         0x08007f47        0x9 
 .rodata.states.7679
                0x08007f50       0x3c bin/obj/vexshell.o
 *fill*         0x08007f8c        0x4 
 .rodata.str1.4
                0x08007f90      0x4c2 bin/obj/vexshell.o
                                0x4cc (size before relaxing)
 *fill*         0x08008452        0xe 
 .rodata.lcd_config
                0x08008460        0xc bin/obj/vexcortex.o
 *fill*         0x0800846c        0x4 
 .rodata.console_config
                0x08008470        0xc bin/obj/vexcortex.o
 *fill*         0x0800847c        0x4 
 .rodata.str1.4
                0x08008480       0x4c bin/obj/vexcortex.o
                                 0x70 (size before relaxing)
 *fill*         0x080084cc        0x4 
 .rodata._vqe_cb_a
                0x080084d0       0x14 bin/obj/vexencoder.o
 *fill*         0x080084e4        0xc 
 .rodata._vqe_cb_b
                0x080084f0       0x14 bin/obj/vexencoder.o
 *fill*         0x08008504        0xc 
 .rodata.str1.4
                0x08008510       0x11 bin/obj/vexencoder.o
                                 0x14 (size before relaxing)
 *fill*         0x08008521        0xf 
 .rodata.vexSonarGpt
                0x08008530        0xc bin/obj/vexsonar.o
 *fill*         0x0800853c        0x4 
 .rodata.str1.4
                0x08008540       0x30 bin/obj/vexsonar.o
 .rodata.str1.4
                0x08008570       0x5d bin/obj/vexmotor.o
                                 0x68 (size before relaxing)
 *fill*         0x080085cd        0x3 
 .rodata.txInitData
                0x080085d0       0x20 bin/obj/vexspi.o
 .rodata.vexSpiGpt
                0x080085f0        0xc bin/obj/vexspi.o
 *fill*         0x080085fc        0x4 
 .rodata.str1.4
                0x08008600       0x67 bin/obj/vexspi.o
                                 0x6c (size before relaxing)
 *fill*         0x08008667        0x9 
 .rodata.str1.4
                0x08008670       0x45 bin/obj/vexlcd.o
                                 0x4c (size before relaxing)
 *fill*         0x080086b5        0xb 
 .rodata.str1.4
                0x080086c0       0x13 bin/obj/vexanalog.o
                                 0x14 (size before relaxing)
 *fill*         0x080086d3        0xd 
 .rodata.str1.4
                0x080086e0       0xf7 bin/obj/vexime.o
                                0x10c (size before relaxing)
 *fill*         0x080087d7        0x9 
 .rodata.imeI2cConfig
                0x080087e0        0xc bin/obj/vexime.o
 *fill*         0x080087ec        0x4 
 .rodata.str1.4
                0x080087f0        0x2 bin/obj/vexprintf.o
                                  0xc (size before relaxing)
 *fill*         0x080087f2        0xe 
 .rodata.round_nums
                0x08008800       0x40 bin/obj/vexprintf.o
 .rodata.str1.4
                0x08008840        0x5 bin/obj/vextest.o
                                  0x8 (size before relaxing)
 *fill*         0x08008845        0xb 
 .rodata.str1.4
                0x08008850       0x11 bin/obj/vexuser.o
                                 0x14 (size before relaxing)
 *fill*         0x08008861        0xf 
 .rodata.commands
                0x08008870       0x48 bin/obj/main.o
 *fill*         0x080088b8        0x8 
 .rodata.shell_cfg1
                0x080088c0        0x8 bin/obj/main.o
 *fill*         0x080088c8        0x8 
 .rodata.str1.4
                0x080088d0       0x18 bin/obj/main.o
                                 0x28 (size before relaxing)
 *fill*         0x080088e8        0x8 
 .rodata.str1.4
                0x080088f0        0x4 c:/yagarto-20121222/bin/../lib/gcc/arm-none-eabi/4.7.2/../../../../arm-none-eabi/lib/thumb/v7m\libc.a(lib_a-impure.o)
 *(.glue_7t)
 .glue_7t       0x00000000        0x0 linker stubs
 *(.glue_7)
 .glue_7        0x00000000        0x0 linker stubs
 *(.gcc*)

.vfp11_veneer   0x080088f4        0x0
 .vfp11_veneer  0x00000000        0x0 linker stubs

.v4_bx          0x080088f4        0x0
 .v4_bx         0x00000000        0x0 linker stubs

.iplt           0x080088f4        0x0
 .iplt          0x00000000        0x0 bin/obj/crt0.o

.rel.dyn        0x080088f4        0x0
 .rel.iplt      0x00000000        0x0 bin/obj/crt0.o

.ARM.extab
 *(.ARM.extab* .gnu.linkonce.armextab.*)

.ARM.exidx      0x080088f4        0x0
                0x080088f4                PROVIDE (__exidx_start, .)
 *(.ARM.exidx* .gnu.linkonce.armexidx.*)
                0x080088f4                PROVIDE (__exidx_end, .)

.eh_frame_hdr
 *(.eh_frame_hdr)

.eh_frame
 *(.eh_frame)

.textalign      0x080088f4        0x4
                0x080088f8                . = ALIGN (0x8)
 *fill*         0x080088f4        0x4 
                0x080088f8                . = ALIGN (0x4)
                0x080088f8                _etext = .
                0x080088f8                _textdata = _etext

.stacks         0x20000000      0x800
                0x20000000                . = ALIGN (0x8)
                0x20000000                __main_stack_base__ = .
                0x20000400                . = (. + __main_stack_size__)
 *fill*         0x20000000      0x400 
                0x20000400                . = ALIGN (0x8)
                0x20000400                __main_stack_end__ = .
                0x20000400                __process_stack_base__ = .
                0x20000400                __main_thread_stack_base__ = .
                0x20000800                . = (. + __process_stack_size__)
 *fill*         0x20000400      0x400 
                0x20000800                . = ALIGN (0x8)
                0x20000800                __process_stack_end__ = .
                0x20000800                __main_thread_stack_end__ = .

.data           0x20000800      0x770 load address 0x080088f8
                0x20000800                . = ALIGN (0x4)
                0x20000800                PROVIDE (_data, .)
 *(.data)
 .data          0x20000800        0x4 c:/yagarto-20121222/bin/../lib/gcc/arm-none-eabi/4.7.2/../../../../arm-none-eabi/lib/thumb/v7m\libc.a(lib_a-ctype_.o)
                0x20000800                __ctype_ptr__
 *fill*         0x20000804        0x4 
 .data          0x20000808      0x430 c:/yagarto-20121222/bin/../lib/gcc/arm-none-eabi/4.7.2/../../../../arm-none-eabi/lib/thumb/v7m\libc.a(lib_a-impure.o)
                0x20000808                _impure_ptr
                0x20000c38                . = ALIGN (0x4)
 *(.data.*)
 .data.shell_echo
                0x20000c38        0x1 bin/obj/vexshell.o
 .data.shell_bufr
                0x20000c39        0x1 bin/obj/vexshell.o
 *fill*         0x20000c3a        0x2 
 .data.local_commands
                0x20000c3c       0x38 bin/obj/vexshell.o
 .data.task_terminate
                0x20000c74        0x4 bin/obj/vexcortex.o
 .data.vexioDefinition
                0x20000c78       0x90 bin/obj/vexdigital.o
                0x20000c78                vexioDefinition
 .data.vexDefConfig
                0x20000d08       0x48 bin/obj/vexconfig.o
 .data.vexExtCfg
                0x20000d50       0x98 bin/obj/vexext.o
 .data.spicfg   0x20000de8        0xc bin/obj/vexspi.o
 .data.spiTeamName
                0x20000df4       0x10 bin/obj/vexspi.o
 .data.vexLcdData
                0x20000e04       0xc0 bin/obj/vexlcd.o
 .data.adccg    0x20000ec4       0x28 bin/obj/vexanalog.o
 .data.mConfig  0x20000eec       0x3c bin/obj/vexuser.o
 .data.dConfig  0x20000f28       0x48 bin/obj/vexuser.o
                0x20000f70                . = ALIGN (0x4)
 *(.ramtext)
                0x20000f70                . = ALIGN (0x4)
                0x20000f70                PROVIDE (_edata, .)

.igot.plt       0x20000f70        0x0 load address 0x08009068
 .igot.plt      0x00000000        0x0 bin/obj/crt0.o

.bss            0x20000f70     0x1c10 load address 0x08009068
                0x20000f70                . = ALIGN (0x4)
                0x20000f70                PROVIDE (_bss_start, .)
 *(.bss)
                0x20000f70                . = ALIGN (0x4)
 *(.bss.*)
 .bss.mainthread.4769
                0x20000f70       0x48 bin/obj/chsys.o
 .bss._idle_thread_wa
                0x20000fb8       0xc0 bin/obj/chsys.o
                0x20000fb8                _idle_thread_wa
 .bss.vtlist    0x20001078       0x10 bin/obj/chvt.o
                0x20001078                vtlist
 .bss.rlist     0x20001088       0x1c bin/obj/chschd.o
                0x20001088                rlist
 .bss.endmem    0x200010a4        0x4 bin/obj/chmemcore.o
 .bss.nextmem   0x200010a8        0x4 bin/obj/chmemcore.o
 *fill*         0x200010ac        0x4 
 .bss.default_heap
                0x200010b0       0x20 bin/obj/chheap.o
 .bss.measurement_offset
                0x200010d0        0x4 bin/obj/tm.o
 .bss.dma_isr_redir
                0x200010d4       0x60 bin/obj/stm32_dma.o
 .bss.dma_streams_mask
                0x20001134        0x4 bin/obj/stm32_dma.o
 .bss.ADCD1     0x20001138       0x34 bin/obj/adc_lld.o
                0x20001138                ADCD1
 .bss.EXTD1     0x2000116c        0x8 bin/obj/ext_lld.o
                0x2000116c                EXTD1
 .bss.I2CD1     0x20001174       0x38 bin/obj/i2c_lld.o
                0x20001174                I2CD1
 .bss.dummytx   0x200011ac        0x2 bin/obj/spi_lld.o
 *fill*         0x200011ae        0x2 
 .bss.SPID1     0x200011b0       0x30 bin/obj/spi_lld.o
                0x200011b0                SPID1
 .bss.GPTD1     0x200011e0       0x10 bin/obj/gpt_lld.o
                0x200011e0                GPTD1
 .bss.GPTD2     0x200011f0       0x10 bin/obj/gpt_lld.o
                0x200011f0                GPTD2
 .bss.GPTD5     0x20001200       0x10 bin/obj/gpt_lld.o
                0x20001200                GPTD5
 .bss.SD1       0x20001210       0xd8 bin/obj/serial_lld.o
                0x20001210                SD1
 .bss.SD2       0x200012e8       0xd8 bin/obj/serial_lld.o
                0x200012e8                SD2
 .bss.SD3       0x200013c0       0xd8 bin/obj/serial_lld.o
                0x200013c0                SD3
 .bss.shell_terminated
                0x20001498        0x4 bin/obj/vexshell.o
                0x20001498                shell_terminated
 .bss.history.7742
                0x2000149c       0x40 bin/obj/vexshell.o
 *fill*         0x200014dc        0x4 
 .bss.waVexUserTask
                0x200014e0      0x2b0 bin/obj/vexcortex.o
 .bss.waVexCortexSystemTask
                0x20001790      0x180 bin/obj/vexcortex.o
 .bss.myThreads
                0x20001910      0x1e0 bin/obj/vexcortex.o
 .bss.waVexCortexMonitorTask
                0x20001af0      0x280 bin/obj/vexcortex.o
 .bss.vexKillAll
                0x20001d70        0x1 bin/obj/vexcortex.o
 *fill*         0x20001d71        0x3 
 .bss.vexQuadEncoders
                0x20001d74       0x8c bin/obj/vexencoder.o
 .bss.vexSonarThread
                0x20001e00        0x4 bin/obj/vexsonar.o
 *fill*         0x20001e04        0x4 
 .bss.waVexSonarTask
                0x20001e08      0x180 bin/obj/vexsonar.o
 .bss.nextSonar
                0x20001f88        0x1 bin/obj/vexsonar.o
 *fill*         0x20001f89        0x3 
 .bss.vexSonars
                0x20001f8c       0xa0 bin/obj/vexsonar.o
 .bss.nextState
                0x2000202c        0x1 bin/obj/vexsonar.o
 *fill*         0x2000202d        0x1 
 .bss.m0_cur_value
                0x2000202e        0x2 bin/obj/vexmotor.o
 .bss.m9_new_value
                0x20002030        0x2 bin/obj/vexmotor.o
 .bss.m9_cur_value
                0x20002032        0x2 bin/obj/vexmotor.o
 .bss.vexMotors
                0x20002034       0xc8 bin/obj/vexmotor.o
 .bss.m0_new_value
                0x200020fc        0x2 bin/obj/vexmotor.o
 *fill*         0x200020fe        0x2 
 .bss.PwmTimer  0x20002100        0x4 bin/obj/vexmotor.o
 .bss.vexSpiData
                0x20002104       0x68 bin/obj/vexspi.o
 .bss.spiThread
                0x2000216c        0x4 bin/obj/vexspi.o
 .bss.lcd_running
                0x20002170        0x2 bin/obj/vexlcd.o
 *fill*         0x20002172        0x2 
 .bss.lcd_buffer
                0x20002174       0x20 bin/obj/vexlcd.o
 *fill*         0x20002194        0x4 
 .bss.waVexLcdUpdate
                0x20002198      0x180 bin/obj/vexlcd.o
 .bss.adccfg    0x20002318        0x4 bin/obj/vexanalog.o
 .bss.samples_buf
                0x2000231c       0x10 bin/obj/vexanalog.o
 .bss.vexLocalCompState
                0x2000232c        0x2 bin/obj/vexctl.o
 *fill*         0x2000232e        0x2 
 .bss.errors    0x20002330        0x4 bin/obj/vexime.o
 *fill*         0x20002334        0x4 
 .bss.waVexImeTask
                0x20002338      0x280 bin/obj/vexime.o
 .bss.vexImes   0x200025b8      0x37c bin/obj/vexime.o
 .bss.pdefs1    0x20002934       0x64 bin/obj/vexprintf.o
 .bss.pdefs2    0x20002998       0x64 bin/obj/vexprintf.o
 *fill*         0x200029fc        0x4 
 .bss.waVexTestThread
                0x20002a00      0x180 bin/obj/vextest.o
                0x20002b80                . = ALIGN (0x4)
 *(COMMON)
                0x20002b80                . = ALIGN (0x4)
                0x20002b80                PROVIDE (_bss_end, .)
                0x20002b80                PROVIDE (end, .)
                0x20002b80                _end = .
                0x20002b80                __heap_base__ = _end
                0x20010000                __heap_end__ = __ram_end__
OUTPUT(bin/output.elf elf32-littlearm)

.debug_info     0x00000000    0x27512
 .debug_info    0x00000000      0x2a9 bin/obj/crt0.o
 .debug_info    0x000002a9      0x1f0 bin/obj/vectors.o
 .debug_info    0x00000499       0x9a bin/obj/chcore.o
 .debug_info    0x00000533      0x89d bin/obj/chcore_v7m.o
 .debug_info    0x00000dd0      0x455 bin/obj/nvic.o
 .debug_info    0x00001225      0x8a8 bin/obj/chsys.o
 .debug_info    0x00001acd      0x21d bin/obj/chvt.o
 .debug_info    0x00001cea      0x9e7 bin/obj/chschd.o
 .debug_info    0x000026d1      0xc43 bin/obj/chthreads.o
 .debug_info    0x00003314      0x8fb bin/obj/chdynamic.o
 .debug_info    0x00003c0f      0x684 bin/obj/chregistry.o
 .debug_info    0x00004293      0xa4c bin/obj/chmtx.o
 .debug_info    0x00004cdf      0xe32 bin/obj/chevents.o
 .debug_info    0x00005b11      0xc7d bin/obj/chqueues.o
 .debug_info    0x0000678e      0x22f bin/obj/chmemcore.o
 .debug_info    0x000069bd      0x739 bin/obj/chheap.o
 .debug_info    0x000070f6      0x42a bin/obj/chmempools.o
 .debug_info    0x00007520      0x3e7 bin/obj/hal.o
 .debug_info    0x00007907      0xecc bin/obj/adc.o
 .debug_info    0x000087d3      0x4d7 bin/obj/ext.o
 .debug_info    0x00008caa      0x808 bin/obj/gpt.o
 .debug_info    0x000094b2      0xc4f bin/obj/i2c.o
 .debug_info    0x0000a101     0x10c1 bin/obj/serial.o
 .debug_info    0x0000b1c2     0x1183 bin/obj/spi.o
 .debug_info    0x0000c345      0x2f2 bin/obj/tm.o
 .debug_info    0x0000c637      0x812 bin/obj/stm32_dma.o
 .debug_info    0x0000ce49      0x3cf bin/obj/hal_lld.o
 .debug_info    0x0000d218      0xcab bin/obj/adc_lld.o
 .debug_info    0x0000dec3      0x896 bin/obj/ext_lld_isr.o
 .debug_info    0x0000e759      0x431 bin/obj/ext_lld.o
 .debug_info    0x0000eb8a      0x3b6 bin/obj/pal_lld.o
 .debug_info    0x0000ef40     0x15b1 bin/obj/i2c_lld.o
 .debug_info    0x000104f1      0xd16 bin/obj/spi_lld.o
 .debug_info    0x00011207      0x73a bin/obj/gpt_lld.o
 .debug_info    0x00011941      0xfda bin/obj/serial_lld.o
 .debug_info    0x0001291b      0x237 bin/obj/board.o
 .debug_info    0x00012b52      0x657 bin/obj/chprintf.o
 .debug_info    0x000131a9     0x1f03 bin/obj/vexshell.o
 .debug_info    0x000150ac     0x1baa bin/obj/vexcortex.o
 .debug_info    0x00016c56      0x651 bin/obj/vexdigital.o
 .debug_info    0x000172a7      0x79a bin/obj/vexconfig.o
 .debug_info    0x00017a41      0x3b2 bin/obj/vexext.o
 .debug_info    0x00017df3     0x1181 bin/obj/vexencoder.o
 .debug_info    0x00018f74     0x138e bin/obj/vexsonar.o
 .debug_info    0x0001a302     0x1251 bin/obj/vexmotor.o
 .debug_info    0x0001b553     0x17c4 bin/obj/vexspi.o
 .debug_info    0x0001cd17     0x1545 bin/obj/vexlcd.o
 .debug_info    0x0001e25c      0xc0c bin/obj/vexanalog.o
 .debug_info    0x0001ee68      0x531 bin/obj/vexctl.o
 .debug_info    0x0001f399     0x2122 bin/obj/vexime.o
 .debug_info    0x000214bb     0x1852 bin/obj/vexprintf.o
 .debug_info    0x00022d0d      0x77a bin/obj/vextest.o
 .debug_info    0x00023487      0xca6 bin/obj/vexuser.o
 .debug_info    0x0002412d      0xc05 bin/obj/main.o
 .debug_info    0x00024d32       0xa2 c:/yagarto-20121222/bin/../lib/gcc/arm-none-eabi/4.7.2/thumb/v7m\libgcc.a(_arm_addsubdf3.o)
 .debug_info    0x00024dd4       0xa2 c:/yagarto-20121222/bin/../lib/gcc/arm-none-eabi/4.7.2/thumb/v7m\libgcc.a(_arm_muldivdf3.o)
 .debug_info    0x00024e76       0xa2 c:/yagarto-20121222/bin/../lib/gcc/arm-none-eabi/4.7.2/thumb/v7m\libgcc.a(_arm_cmpdf2.o)
 .debug_info    0x00024f18       0xa2 c:/yagarto-20121222/bin/../lib/gcc/arm-none-eabi/4.7.2/thumb/v7m\libgcc.a(_arm_fixunsdfsi.o)
 .debug_info    0x00024fba      0xa20 c:/yagarto-20121222/bin/../lib/gcc/arm-none-eabi/4.7.2/../../../../arm-none-eabi/lib/thumb/v7m\libc.a(lib_a-atoi.o)
 .debug_info    0x000259da      0x11c c:/yagarto-20121222/bin/../lib/gcc/arm-none-eabi/4.7.2/../../../../arm-none-eabi/lib/thumb/v7m\libc.a(lib_a-memset.o)
 .debug_info    0x00025af6      0x159 c:/yagarto-20121222/bin/../lib/gcc/arm-none-eabi/4.7.2/../../../../arm-none-eabi/lib/thumb/v7m\libc.a(lib_a-strcasecmp.o)
 .debug_info    0x00025c4f      0x11b c:/yagarto-20121222/bin/../lib/gcc/arm-none-eabi/4.7.2/../../../../arm-none-eabi/lib/thumb/v7m\libc.a(lib_a-strchr.o)
 .debug_info    0x00025d6a      0x12b c:/yagarto-20121222/bin/../lib/gcc/arm-none-eabi/4.7.2/../../../../arm-none-eabi/lib/thumb/v7m\libc.a(lib_a-strncpy.o)
 .debug_info    0x00025e95       0xdf c:/yagarto-20121222/bin/../lib/gcc/arm-none-eabi/4.7.2/../../../../arm-none-eabi/lib/thumb/v7m\libc.a(lib_a-strspn.o)
 .debug_info    0x00025f74      0xa86 c:/yagarto-20121222/bin/../lib/gcc/arm-none-eabi/4.7.2/../../../../arm-none-eabi/lib/thumb/v7m\libc.a(lib_a-strtol.o)
 .debug_info    0x000269fa       0x71 c:/yagarto-20121222/bin/../lib/gcc/arm-none-eabi/4.7.2/../../../../arm-none-eabi/lib/thumb/v7m\libc.a(lib_a-ctype_.o)
 .debug_info    0x00026a6b      0x965 c:/yagarto-20121222/bin/../lib/gcc/arm-none-eabi/4.7.2/../../../../arm-none-eabi/lib/thumb/v7m\libc.a(lib_a-impure.o)
 .debug_info    0x000273d0       0xa1 c:/yagarto-20121222/bin/../lib/gcc/arm-none-eabi/4.7.2/thumb/v7m\libgcc.a(_udivsi3.o)
 .debug_info    0x00027471       0xa1 c:/yagarto-20121222/bin/../lib/gcc/arm-none-eabi/4.7.2/thumb/v7m\libgcc.a(_dvmd_tls.o)

.debug_abbrev   0x00000000     0x8ab6
 .debug_abbrev  0x00000000       0xf4 bin/obj/crt0.o
 .debug_abbrev  0x000000f4       0xb1 bin/obj/vectors.o
 .debug_abbrev  0x000001a5       0x44 bin/obj/chcore.o
 .debug_abbrev  0x000001e9      0x1fe bin/obj/chcore_v7m.o
 .debug_abbrev  0x000003e7       0xf2 bin/obj/nvic.o
 .debug_abbrev  0x000004d9      0x220 bin/obj/chsys.o
 .debug_abbrev  0x000006f9      0x133 bin/obj/chvt.o
 .debug_abbrev  0x0000082c      0x340 bin/obj/chschd.o
 .debug_abbrev  0x00000b6c      0x355 bin/obj/chthreads.o
 .debug_abbrev  0x00000ec1      0x241 bin/obj/chdynamic.o
 .debug_abbrev  0x00001102      0x197 bin/obj/chregistry.o
 .debug_abbrev  0x00001299      0x316 bin/obj/chmtx.o
 .debug_abbrev  0x000015af      0x359 bin/obj/chevents.o
 .debug_abbrev  0x00001908      0x33b bin/obj/chqueues.o
 .debug_abbrev  0x00001c43      0x16c bin/obj/chmemcore.o
 .debug_abbrev  0x00001daf      0x210 bin/obj/chheap.o
 .debug_abbrev  0x00001fbf      0x21c bin/obj/chmempools.o
 .debug_abbrev  0x000021db      0x1c1 bin/obj/hal.o
 .debug_abbrev  0x0000239c      0x304 bin/obj/adc.o
 .debug_abbrev  0x000026a0      0x1bf bin/obj/ext.o
 .debug_abbrev  0x0000285f      0x1ef bin/obj/gpt.o
 .debug_abbrev  0x00002a4e      0x2b3 bin/obj/i2c.o
 .debug_abbrev  0x00002d01      0x2d5 bin/obj/serial.o
 .debug_abbrev  0x00002fd6      0x29f bin/obj/spi.o
 .debug_abbrev  0x00003275      0x19c bin/obj/tm.o
 .debug_abbrev  0x00003411      0x221 bin/obj/stm32_dma.o
 .debug_abbrev  0x00003632      0x11b bin/obj/hal_lld.o
 .debug_abbrev  0x0000374d      0x2a8 bin/obj/adc_lld.o
 .debug_abbrev  0x000039f5      0x1ec bin/obj/ext_lld_isr.o
 .debug_abbrev  0x00003be1      0x1e9 bin/obj/ext_lld.o
 .debug_abbrev  0x00003dca      0x13b bin/obj/pal_lld.o
 .debug_abbrev  0x00003f05      0x3ef bin/obj/i2c_lld.o
 .debug_abbrev  0x000042f4      0x31c bin/obj/spi_lld.o
 .debug_abbrev  0x00004610      0x279 bin/obj/gpt_lld.o
 .debug_abbrev  0x00004889      0x36a bin/obj/serial_lld.o
 .debug_abbrev  0x00004bf3      0x120 bin/obj/board.o
 .debug_abbrev  0x00004d13      0x254 bin/obj/chprintf.o
 .debug_abbrev  0x00004f67      0x4c1 bin/obj/vexshell.o
 .debug_abbrev  0x00005428      0x3e6 bin/obj/vexcortex.o
 .debug_abbrev  0x0000580e      0x25a bin/obj/vexdigital.o
 .debug_abbrev  0x00005a68      0x1b0 bin/obj/vexconfig.o
 .debug_abbrev  0x00005c18      0x1b7 bin/obj/vexext.o
 .debug_abbrev  0x00005dcf      0x2ef bin/obj/vexencoder.o
 .debug_abbrev  0x000060be      0x31b bin/obj/vexsonar.o
 .debug_abbrev  0x000063d9      0x3dc bin/obj/vexmotor.o
 .debug_abbrev  0x000067b5      0x3c8 bin/obj/vexspi.o
 .debug_abbrev  0x00006b7d      0x40b bin/obj/vexlcd.o
 .debug_abbrev  0x00006f88      0x252 bin/obj/vexanalog.o
 .debug_abbrev  0x000071da      0x1a6 bin/obj/vexctl.o
 .debug_abbrev  0x00007380      0x410 bin/obj/vexime.o
 .debug_abbrev  0x00007790      0x420 bin/obj/vexprintf.o
 .debug_abbrev  0x00007bb0      0x1ec bin/obj/vextest.o
 .debug_abbrev  0x00007d9c      0x212 bin/obj/vexuser.o
 .debug_abbrev  0x00007fae      0x21d bin/obj/main.o
 .debug_abbrev  0x000081cb       0x14 c:/yagarto-20121222/bin/../lib/gcc/arm-none-eabi/4.7.2/thumb/v7m\libgcc.a(_arm_addsubdf3.o)
 .debug_abbrev  0x000081df       0x14 c:/yagarto-20121222/bin/../lib/gcc/arm-none-eabi/4.7.2/thumb/v7m\libgcc.a(_arm_muldivdf3.o)
 .debug_abbrev  0x000081f3       0x14 c:/yagarto-20121222/bin/../lib/gcc/arm-none-eabi/4.7.2/thumb/v7m\libgcc.a(_arm_cmpdf2.o)
 .debug_abbrev  0x00008207       0x14 c:/yagarto-20121222/bin/../lib/gcc/arm-none-eabi/4.7.2/thumb/v7m\libgcc.a(_arm_fixunsdfsi.o)
 .debug_abbrev  0x0000821b      0x1b3 c:/yagarto-20121222/bin/../lib/gcc/arm-none-eabi/4.7.2/../../../../arm-none-eabi/lib/thumb/v7m\libc.a(lib_a-atoi.o)
 .debug_abbrev  0x000083ce       0x9f c:/yagarto-20121222/bin/../lib/gcc/arm-none-eabi/4.7.2/../../../../arm-none-eabi/lib/thumb/v7m\libc.a(lib_a-memset.o)
 .debug_abbrev  0x0000846d       0xbc c:/yagarto-20121222/bin/../lib/gcc/arm-none-eabi/4.7.2/../../../../arm-none-eabi/lib/thumb/v7m\libc.a(lib_a-strcasecmp.o)
 .debug_abbrev  0x00008529       0x83 c:/yagarto-20121222/bin/../lib/gcc/arm-none-eabi/4.7.2/../../../../arm-none-eabi/lib/thumb/v7m\libc.a(lib_a-strchr.o)
 .debug_abbrev  0x000085ac       0xae c:/yagarto-20121222/bin/../lib/gcc/arm-none-eabi/4.7.2/../../../../arm-none-eabi/lib/thumb/v7m\libc.a(lib_a-strncpy.o)
 .debug_abbrev  0x0000865a       0x8e c:/yagarto-20121222/bin/../lib/gcc/arm-none-eabi/4.7.2/../../../../arm-none-eabi/lib/thumb/v7m\libc.a(lib_a-strspn.o)
 .debug_abbrev  0x000086e8      0x1f6 c:/yagarto-20121222/bin/../lib/gcc/arm-none-eabi/4.7.2/../../../../arm-none-eabi/lib/thumb/v7m\libc.a(lib_a-strtol.o)
 .debug_abbrev  0x000088de       0x4e c:/yagarto-20121222/bin/../lib/gcc/arm-none-eabi/4.7.2/../../../../arm-none-eabi/lib/thumb/v7m\libc.a(lib_a-ctype_.o)
 .debug_abbrev  0x0000892c      0x162 c:/yagarto-20121222/bin/../lib/gcc/arm-none-eabi/4.7.2/../../../../arm-none-eabi/lib/thumb/v7m\libc.a(lib_a-impure.o)
 .debug_abbrev  0x00008a8e       0x14 c:/yagarto-20121222/bin/../lib/gcc/arm-none-eabi/4.7.2/thumb/v7m\libgcc.a(_udivsi3.o)
 .debug_abbrev  0x00008aa2       0x14 c:/yagarto-20121222/bin/../lib/gcc/arm-none-eabi/4.7.2/thumb/v7m\libgcc.a(_dvmd_tls.o)

.debug_aranges  0x00000000     0x14b8
 .debug_aranges
                0x00000000       0x38 bin/obj/crt0.o
 .debug_aranges
                0x00000038       0x20 bin/obj/vectors.o
 .debug_aranges
                0x00000058       0x20 bin/obj/chcore.o
 .debug_aranges
                0x00000078       0x50 bin/obj/chcore_v7m.o
 .debug_aranges
                0x000000c8       0x30 bin/obj/nvic.o
 .debug_aranges
                0x000000f8       0x30 bin/obj/chsys.o
 .debug_aranges
                0x00000128       0x30 bin/obj/chvt.o
 .debug_aranges
                0x00000158       0x68 bin/obj/chschd.o
 .debug_aranges
                0x000001c0       0x78 bin/obj/chthreads.o
 .debug_aranges
                0x00000238       0x38 bin/obj/chdynamic.o
 .debug_aranges
                0x00000270       0x28 bin/obj/chregistry.o
 .debug_aranges
                0x00000298       0x58 bin/obj/chmtx.o
 .debug_aranges
                0x000002f0       0xa0 bin/obj/chevents.o
 .debug_aranges
                0x00000390       0x70 bin/obj/chqueues.o
 .debug_aranges
                0x00000400       0x38 bin/obj/chmemcore.o
 .debug_aranges
                0x00000438       0x40 bin/obj/chheap.o
 .debug_aranges
                0x00000478       0x48 bin/obj/chmempools.o
 .debug_aranges
                0x000004c0       0x30 bin/obj/hal.o
 .debug_aranges
                0x000004f0       0x70 bin/obj/adc.o
 .debug_aranges
                0x00000560       0x50 bin/obj/ext.o
 .debug_aranges
                0x000005b0       0x78 bin/obj/gpt.o
 .debug_aranges
                0x00000628       0x60 bin/obj/i2c.o
 .debug_aranges
                0x00000688       0x88 bin/obj/serial.o
 .debug_aranges
                0x00000710       0x98 bin/obj/spi.o
 .debug_aranges
                0x000007a8       0x38 bin/obj/tm.o
 .debug_aranges
                0x000007e0       0x88 bin/obj/stm32_dma.o
 .debug_aranges
                0x00000868       0x28 bin/obj/hal_lld.o
 .debug_aranges
                0x00000890       0x48 bin/obj/adc_lld.o
 .debug_aranges
                0x000008d8       0x78 bin/obj/ext_lld_isr.o
 .debug_aranges
                0x00000950       0x40 bin/obj/ext_lld.o
 .debug_aranges
                0x00000990       0x28 bin/obj/pal_lld.o
 .debug_aranges
                0x000009b8       0x70 bin/obj/i2c_lld.o
 .debug_aranges
                0x00000a28       0x78 bin/obj/spi_lld.o
 .debug_aranges
                0x00000aa0       0x68 bin/obj/gpt_lld.o
 .debug_aranges
                0x00000b08       0x68 bin/obj/serial_lld.o
 .debug_aranges
                0x00000b70       0x28 bin/obj/board.o
 .debug_aranges
                0x00000b98       0x30 bin/obj/chprintf.o
 .debug_aranges
                0x00000bc8       0x78 bin/obj/vexshell.o
 .debug_aranges
                0x00000c40       0x90 bin/obj/vexcortex.o
 .debug_aranges
                0x00000cd0       0x58 bin/obj/vexdigital.o
 .debug_aranges
                0x00000d28       0x48 bin/obj/vexconfig.o
 .debug_aranges
                0x00000d70       0x28 bin/obj/vexext.o
 .debug_aranges
                0x00000d98       0xb0 bin/obj/vexencoder.o
 .debug_aranges
                0x00000e48       0x78 bin/obj/vexsonar.o
 .debug_aranges
                0x00000ec0       0xb0 bin/obj/vexmotor.o
 .debug_aranges
                0x00000f70       0x88 bin/obj/vexspi.o
 .debug_aranges
                0x00000ff8       0x80 bin/obj/vexlcd.o
 .debug_aranges
                0x00001078       0x30 bin/obj/vexanalog.o
 .debug_aranges
                0x000010a8       0x38 bin/obj/vexctl.o
 .debug_aranges
                0x000010e0       0xf8 bin/obj/vexime.o
 .debug_aranges
                0x000011d8       0x88 bin/obj/vexprintf.o
 .debug_aranges
                0x00001260       0x30 bin/obj/vextest.o
 .debug_aranges
                0x00001290       0x38 bin/obj/vexuser.o
 .debug_aranges
                0x000012c8       0x20 bin/obj/main.o
 .debug_aranges
                0x000012e8       0x20 c:/yagarto-20121222/bin/../lib/gcc/arm-none-eabi/4.7.2/thumb/v7m\libgcc.a(_arm_addsubdf3.o)
 .debug_aranges
                0x00001308       0x20 c:/yagarto-20121222/bin/../lib/gcc/arm-none-eabi/4.7.2/thumb/v7m\libgcc.a(_arm_muldivdf3.o)
 .debug_aranges
                0x00001328       0x20 c:/yagarto-20121222/bin/../lib/gcc/arm-none-eabi/4.7.2/thumb/v7m\libgcc.a(_arm_cmpdf2.o)
 .debug_aranges
                0x00001348       0x20 c:/yagarto-20121222/bin/../lib/gcc/arm-none-eabi/4.7.2/thumb/v7m\libgcc.a(_arm_fixunsdfsi.o)
 .debug_aranges
                0x00001368       0x20 c:/yagarto-20121222/bin/../lib/gcc/arm-none-eabi/4.7.2/../../../../arm-none-eabi/lib/thumb/v7m\libc.a(lib_a-atoi.o)
 .debug_aranges
                0x00001388       0x20 c:/yagarto-20121222/bin/../lib/gcc/arm-none-eabi/4.7.2/../../../../arm-none-eabi/lib/thumb/v7m\libc.a(lib_a-memset.o)
 .debug_aranges
                0x000013a8       0x20 c:/yagarto-20121222/bin/../lib/gcc/arm-none-eabi/4.7.2/../../../../arm-none-eabi/lib/thumb/v7m\libc.a(lib_a-strcasecmp.o)
 .debug_aranges
                0x000013c8       0x20 c:/yagarto-20121222/bin/../lib/gcc/arm-none-eabi/4.7.2/../../../../arm-none-eabi/lib/thumb/v7m\libc.a(lib_a-strchr.o)
 .debug_aranges
                0x000013e8       0x20 c:/yagarto-20121222/bin/../lib/gcc/arm-none-eabi/4.7.2/../../../../arm-none-eabi/lib/thumb/v7m\libc.a(lib_a-strncpy.o)
 .debug_aranges
                0x00001408       0x20 c:/yagarto-20121222/bin/../lib/gcc/arm-none-eabi/4.7.2/../../../../arm-none-eabi/lib/thumb/v7m\libc.a(lib_a-strspn.o)
 .debug_aranges
                0x00001428       0x20 c:/yagarto-20121222/bin/../lib/gcc/arm-none-eabi/4.7.2/../../../../arm-none-eabi/lib/thumb/v7m\libc.a(lib_a-strtol.o)
 .debug_aranges
                0x00001448       0x18 c:/yagarto-20121222/bin/../lib/gcc/arm-none-eabi/4.7.2/../../../../arm-none-eabi/lib/thumb/v7m\libc.a(lib_a-ctype_.o)
 .debug_aranges
                0x00001460       0x18 c:/yagarto-20121222/bin/../lib/gcc/arm-none-eabi/4.7.2/../../../../arm-none-eabi/lib/thumb/v7m\libc.a(lib_a-impure.o)
 .debug_aranges
                0x00001478       0x20 c:/yagarto-20121222/bin/../lib/gcc/arm-none-eabi/4.7.2/thumb/v7m\libgcc.a(_udivsi3.o)
 .debug_aranges
                0x00001498       0x20 c:/yagarto-20121222/bin/../lib/gcc/arm-none-eabi/4.7.2/thumb/v7m\libgcc.a(_dvmd_tls.o)

.debug_ranges   0x00000000     0x1fd8
 .debug_ranges  0x00000000       0xe0 bin/obj/crt0.o
 .debug_ranges  0x000000e0       0x10 bin/obj/vectors.o
 .debug_ranges  0x000000f0       0x10 bin/obj/chcore.o
 .debug_ranges  0x00000100       0x58 bin/obj/chcore_v7m.o
 .debug_ranges  0x00000158       0x20 bin/obj/nvic.o
 .debug_ranges  0x00000178       0x20 bin/obj/chsys.o
 .debug_ranges  0x00000198       0x20 bin/obj/chvt.o
 .debug_ranges  0x000001b8      0x1c0 bin/obj/chschd.o
 .debug_ranges  0x00000378      0x118 bin/obj/chthreads.o
 .debug_ranges  0x00000490       0x58 bin/obj/chdynamic.o
 .debug_ranges  0x000004e8       0x30 bin/obj/chregistry.o
 .debug_ranges  0x00000518      0x218 bin/obj/chmtx.o
 .debug_ranges  0x00000730       0xf0 bin/obj/chevents.o
 .debug_ranges  0x00000820       0xc0 bin/obj/chqueues.o
 .debug_ranges  0x000008e0       0x28 bin/obj/chmemcore.o
 .debug_ranges  0x00000908       0x30 bin/obj/chheap.o
 .debug_ranges  0x00000938       0xf8 bin/obj/chmempools.o
 .debug_ranges  0x00000a30       0x50 bin/obj/hal.o
 .debug_ranges  0x00000a80       0xf8 bin/obj/adc.o
 .debug_ranges  0x00000b78       0x70 bin/obj/ext.o
 .debug_ranges  0x00000be8       0x98 bin/obj/gpt.o
 .debug_ranges  0x00000c80       0x80 bin/obj/i2c.o
 .debug_ranges  0x00000d00       0xa8 bin/obj/serial.o
 .debug_ranges  0x00000da8      0x130 bin/obj/spi.o
 .debug_ranges  0x00000ed8       0x70 bin/obj/tm.o
 .debug_ranges  0x00000f48       0x78 bin/obj/stm32_dma.o
 .debug_ranges  0x00000fc0       0x38 bin/obj/hal_lld.o
 .debug_ranges  0x00000ff8       0x70 bin/obj/adc_lld.o
 .debug_ranges  0x00001068       0x68 bin/obj/ext_lld_isr.o
 .debug_ranges  0x000010d0       0x30 bin/obj/ext_lld.o
 .debug_ranges  0x00001100       0x18 bin/obj/pal_lld.o
 .debug_ranges  0x00001118      0x1d0 bin/obj/i2c_lld.o
 .debug_ranges  0x000012e8       0x68 bin/obj/spi_lld.o
 .debug_ranges  0x00001350       0x58 bin/obj/gpt_lld.o
 .debug_ranges  0x000013a8       0x88 bin/obj/serial_lld.o
 .debug_ranges  0x00001430       0x18 bin/obj/board.o
 .debug_ranges  0x00001448       0x20 bin/obj/chprintf.o
 .debug_ranges  0x00001468      0x130 bin/obj/vexshell.o
 .debug_ranges  0x00001598       0x98 bin/obj/vexcortex.o
 .debug_ranges  0x00001630       0x48 bin/obj/vexdigital.o
 .debug_ranges  0x00001678       0x38 bin/obj/vexconfig.o
 .debug_ranges  0x000016b0       0x18 bin/obj/vexext.o
 .debug_ranges  0x000016c8      0x280 bin/obj/vexencoder.o
 .debug_ranges  0x00001948       0x68 bin/obj/vexsonar.o
 .debug_ranges  0x000019b0       0xb8 bin/obj/vexmotor.o
 .debug_ranges  0x00001a68       0x90 bin/obj/vexspi.o
 .debug_ranges  0x00001af8       0xd0 bin/obj/vexlcd.o
 .debug_ranges  0x00001bc8       0x20 bin/obj/vexanalog.o
 .debug_ranges  0x00001be8       0x28 bin/obj/vexctl.o
 .debug_ranges  0x00001c10       0xe8 bin/obj/vexime.o
 .debug_ranges  0x00001cf8      0x240 bin/obj/vexprintf.o
 .debug_ranges  0x00001f38       0x20 bin/obj/vextest.o
 .debug_ranges  0x00001f58       0x40 bin/obj/vexuser.o
 .debug_ranges  0x00001f98       0x10 bin/obj/main.o
 .debug_ranges  0x00001fa8       0x30 c:/yagarto-20121222/bin/../lib/gcc/arm-none-eabi/4.7.2/../../../../arm-none-eabi/lib/thumb/v7m\libc.a(lib_a-strcasecmp.o)

.debug_line     0x00000000     0xb1fc
 .debug_line    0x00000000      0x127 bin/obj/crt0.o
 .debug_line    0x00000127       0xb1 bin/obj/vectors.o
 .debug_line    0x000001d8       0x5e bin/obj/chcore.o
 .debug_line    0x00000236      0x1f9 bin/obj/chcore_v7m.o
 .debug_line    0x0000042f       0xee bin/obj/nvic.o
 .debug_line    0x0000051d      0x1f3 bin/obj/chsys.o
 .debug_line    0x00000710      0x13c bin/obj/chvt.o
 .debug_line    0x0000084c      0x311 bin/obj/chschd.o
 .debug_line    0x00000b5d      0x34f bin/obj/chthreads.o
 .debug_line    0x00000eac      0x220 bin/obj/chdynamic.o
 .debug_line    0x000010cc      0x1c7 bin/obj/chregistry.o
 .debug_line    0x00001293      0x33c bin/obj/chmtx.o
 .debug_line    0x000015cf      0x318 bin/obj/chevents.o
 .debug_line    0x000018e7      0x37e bin/obj/chqueues.o
 .debug_line    0x00001c65      0x139 bin/obj/chmemcore.o
 .debug_line    0x00001d9e      0x261 bin/obj/chheap.o
 .debug_line    0x00001fff      0x1c1 bin/obj/chmempools.o
 .debug_line    0x000021c0      0x2af bin/obj/hal.o
 .debug_line    0x0000246f      0x37c bin/obj/adc.o
 .debug_line    0x000027eb      0x1bf bin/obj/ext.o
 .debug_line    0x000029aa      0x22d bin/obj/gpt.o
 .debug_line    0x00002bd7      0x323 bin/obj/i2c.o
 .debug_line    0x00002efa      0x39a bin/obj/serial.o
 .debug_line    0x00003294      0x3e9 bin/obj/spi.o
 .debug_line    0x0000367d      0x1da bin/obj/tm.o
 .debug_line    0x00003857      0x322 bin/obj/stm32_dma.o
 .debug_line    0x00003b79      0x1bd bin/obj/hal_lld.o
 .debug_line    0x00003d36      0x375 bin/obj/adc_lld.o
 .debug_line    0x000040ab      0x2f0 bin/obj/ext_lld_isr.o
 .debug_line    0x0000439b      0x1f7 bin/obj/ext_lld.o
 .debug_line    0x00004592      0x1ad bin/obj/pal_lld.o
 .debug_line    0x0000473f      0x55a bin/obj/i2c_lld.o
 .debug_line    0x00004c99      0x422 bin/obj/spi_lld.o
 .debug_line    0x000050bb      0x2f9 bin/obj/gpt_lld.o
 .debug_line    0x000053b4      0x3ed bin/obj/serial_lld.o
 .debug_line    0x000057a1      0x183 bin/obj/board.o
 .debug_line    0x00005924      0x2ce bin/obj/chprintf.o
 .debug_line    0x00005bf2      0x53f bin/obj/vexshell.o
 .debug_line    0x00006131      0x573 bin/obj/vexcortex.o
 .debug_line    0x000066a4      0x274 bin/obj/vexdigital.o
 .debug_line    0x00006918      0x239 bin/obj/vexconfig.o
 .debug_line    0x00006b51      0x1f0 bin/obj/vexext.o
 .debug_line    0x00006d41      0x52d bin/obj/vexencoder.o
 .debug_line    0x0000726e      0x4d2 bin/obj/vexsonar.o
 .debug_line    0x00007740      0x520 bin/obj/vexmotor.o
 .debug_line    0x00007c60      0x58f bin/obj/vexspi.o
 .debug_line    0x000081ef      0x4aa bin/obj/vexlcd.o
 .debug_line    0x00008699      0x2bf bin/obj/vexanalog.o
 .debug_line    0x00008958      0x1a7 bin/obj/vexctl.o
 .debug_line    0x00008aff      0x732 bin/obj/vexime.o
 .debug_line    0x00009231      0x717 bin/obj/vexprintf.o
 .debug_line    0x00009948      0x221 bin/obj/vextest.o
 .debug_line    0x00009b69      0x222 bin/obj/vexuser.o
 .debug_line    0x00009d8b      0x313 bin/obj/main.o
 .debug_line    0x0000a09e      0x204 c:/yagarto-20121222/bin/../lib/gcc/arm-none-eabi/4.7.2/thumb/v7m\libgcc.a(_arm_addsubdf3.o)
 .debug_line    0x0000a2a2      0x220 c:/yagarto-20121222/bin/../lib/gcc/arm-none-eabi/4.7.2/thumb/v7m\libgcc.a(_arm_muldivdf3.o)
 .debug_line    0x0000a4c2      0x106 c:/yagarto-20121222/bin/../lib/gcc/arm-none-eabi/4.7.2/thumb/v7m\libgcc.a(_arm_cmpdf2.o)
 .debug_line    0x0000a5c8       0x7c c:/yagarto-20121222/bin/../lib/gcc/arm-none-eabi/4.7.2/thumb/v7m\libgcc.a(_arm_fixunsdfsi.o)
 .debug_line    0x0000a644      0x173 c:/yagarto-20121222/bin/../lib/gcc/arm-none-eabi/4.7.2/../../../../arm-none-eabi/lib/thumb/v7m\libc.a(lib_a-atoi.o)
 .debug_line    0x0000a7b7      0x16d c:/yagarto-20121222/bin/../lib/gcc/arm-none-eabi/4.7.2/../../../../arm-none-eabi/lib/thumb/v7m\libc.a(lib_a-memset.o)
 .debug_line    0x0000a924       0xd2 c:/yagarto-20121222/bin/../lib/gcc/arm-none-eabi/4.7.2/../../../../arm-none-eabi/lib/thumb/v7m\libc.a(lib_a-strcasecmp.o)
 .debug_line    0x0000a9f6      0x148 c:/yagarto-20121222/bin/../lib/gcc/arm-none-eabi/4.7.2/../../../../arm-none-eabi/lib/thumb/v7m\libc.a(lib_a-strchr.o)
 .debug_line    0x0000ab3e      0x143 c:/yagarto-20121222/bin/../lib/gcc/arm-none-eabi/4.7.2/../../../../arm-none-eabi/lib/thumb/v7m\libc.a(lib_a-strncpy.o)
 .debug_line    0x0000ac81      0x11d c:/yagarto-20121222/bin/../lib/gcc/arm-none-eabi/4.7.2/../../../../arm-none-eabi/lib/thumb/v7m\libc.a(lib_a-strspn.o)
 .debug_line    0x0000ad9e      0x1f4 c:/yagarto-20121222/bin/../lib/gcc/arm-none-eabi/4.7.2/../../../../arm-none-eabi/lib/thumb/v7m\libc.a(lib_a-strtol.o)
 .debug_line    0x0000af92       0x63 c:/yagarto-20121222/bin/../lib/gcc/arm-none-eabi/4.7.2/../../../../arm-none-eabi/lib/thumb/v7m\libc.a(lib_a-ctype_.o)
 .debug_line    0x0000aff5      0x116 c:/yagarto-20121222/bin/../lib/gcc/arm-none-eabi/4.7.2/../../../../arm-none-eabi/lib/thumb/v7m\libc.a(lib_a-impure.o)
 .debug_line    0x0000b10b       0x8a c:/yagarto-20121222/bin/../lib/gcc/arm-none-eabi/4.7.2/thumb/v7m\libgcc.a(_udivsi3.o)
 .debug_line    0x0000b195       0x67 c:/yagarto-20121222/bin/../lib/gcc/arm-none-eabi/4.7.2/thumb/v7m\libgcc.a(_dvmd_tls.o)

.debug_str      0x00000000     0x4fe1
 .debug_str     0x00000000      0x1b8 bin/obj/crt0.o
                                0x1f2 (size before relaxing)
 .debug_str     0x000001b8      0x150 bin/obj/vectors.o
                                0x21d (size before relaxing)
 .debug_str     0x00000308       0x38 bin/obj/chcore.o
                                 0xf0 (size before relaxing)
 .debug_str     0x00000340      0x2dd bin/obj/chcore_v7m.o
                                0x3c5 (size before relaxing)
 .debug_str     0x0000061d       0xa9 bin/obj/nvic.o
                                0x1ef (size before relaxing)
 .debug_str     0x000006c6      0x210 bin/obj/chsys.o
                                0x49d (size before relaxing)
 .debug_str     0x000008d6       0x41 bin/obj/chvt.o
                                0x170 (size before relaxing)
 .debug_str     0x00000917       0xe0 bin/obj/chschd.o
                                0x3d2 (size before relaxing)
 .debug_str     0x000009f7       0xde bin/obj/chthreads.o
                                0x43d (size before relaxing)
 .debug_str     0x00000ad5      0x118 bin/obj/chdynamic.o
                                0x3b4 (size before relaxing)
 .debug_str     0x00000bed       0x4d bin/obj/chregistry.o
                                0x3c0 (size before relaxing)
 .debug_str     0x00000c3a       0x9c bin/obj/chmtx.o
                                0x357 (size before relaxing)
 .debug_str     0x00000cd6      0x1c4 bin/obj/chevents.o
                                0x47b (size before relaxing)
 .debug_str     0x00000e9a      0x131 bin/obj/chqueues.o
                                0x3e2 (size before relaxing)
 .debug_str     0x00000fcb       0x7b bin/obj/chmemcore.o
                                0x15b (size before relaxing)
 .debug_str     0x00001046       0x53 bin/obj/chheap.o
                                0x33b (size before relaxing)
 .debug_str     0x00001099       0x60 bin/obj/chmempools.o
                                0x1a9 (size before relaxing)
 .debug_str     0x000010f9      0x165 bin/obj/hal.o
                                0x24b (size before relaxing)
 .debug_str     0x0000125e      0x2ee bin/obj/adc.o
                                0x5f3 (size before relaxing)
 .debug_str     0x0000154c      0x149 bin/obj/ext.o
                                0x24a (size before relaxing)
 .debug_str     0x00001695      0x209 bin/obj/gpt.o
                                0x2fa (size before relaxing)
 .debug_str     0x0000189e      0x2d3 bin/obj/i2c.o
                                0x5ca (size before relaxing)
 .debug_str     0x00001b71      0x128 bin/obj/serial.o
                                0x54f (size before relaxing)
 .debug_str     0x00001c99      0x223 bin/obj/spi.o
                                0x5e0 (size before relaxing)
 .debug_str     0x00001ebc       0x6d bin/obj/tm.o
                                0x1ac (size before relaxing)
 .debug_str     0x00001f29      0x52e bin/obj/stm32_dma.o
                                0x6d0 (size before relaxing)
 .debug_str     0x00002457       0xca bin/obj/hal_lld.o
                                0x249 (size before relaxing)
 .debug_str     0x00002521       0x67 bin/obj/adc_lld.o
                                0x5c1 (size before relaxing)
 .debug_str     0x00002588       0xe8 bin/obj/ext_lld_isr.o
                                0x62a (size before relaxing)
 .debug_str     0x00002670       0x56 bin/obj/ext_lld.o
                                0x28b (size before relaxing)
 .debug_str     0x000026c6       0x6c bin/obj/pal_lld.o
                                0x21d (size before relaxing)
 .debug_str     0x00002732      0x136 bin/obj/i2c_lld.o
                                0xb84 (size before relaxing)
 .debug_str     0x00002868       0xa2 bin/obj/spi_lld.o
                                0x5f6 (size before relaxing)
 .debug_str     0x0000290a       0x7e bin/obj/gpt_lld.o
                                0x337 (size before relaxing)
 .debug_str     0x00002988       0x92 bin/obj/serial_lld.o
                                0x586 (size before relaxing)
 .debug_str     0x00002a1a       0x31 bin/obj/board.o
                                0x1be (size before relaxing)
 .debug_str     0x00002a4b      0x110 bin/obj/chprintf.o
                                0x220 (size before relaxing)
 .debug_str     0x00002b5b      0x368 bin/obj/vexshell.o
                                0x852 (size before relaxing)
 .debug_str     0x00002ec3      0x3b5 bin/obj/vexcortex.o
                                0xc9b (size before relaxing)
 .debug_str     0x00003278      0x111 bin/obj/vexdigital.o
                                0x485 (size before relaxing)
 .debug_str     0x00003389      0x4d1 bin/obj/vexconfig.o
                                0x7a1 (size before relaxing)
 .debug_str     0x0000385a       0x27 bin/obj/vexext.o
                                0x35a (size before relaxing)
 .debug_str     0x00003881      0x174 bin/obj/vexencoder.o
                                0x65f (size before relaxing)
 .debug_str     0x000039f5      0x160 bin/obj/vexsonar.o
                                0x9b4 (size before relaxing)
 .debug_str     0x00003b55      0x1ea bin/obj/vexmotor.o
                                0xb93 (size before relaxing)
 .debug_str     0x00003d3f      0x1bc bin/obj/vexspi.o
                                0xa07 (size before relaxing)
 .debug_str     0x00003efb      0x1c4 bin/obj/vexlcd.o
                                0x8a5 (size before relaxing)
 .debug_str     0x000040bf       0x4f bin/obj/vexanalog.o
                                0x6b7 (size before relaxing)
 .debug_str     0x0000410e      0x1fd bin/obj/vexctl.o
                                0x569 (size before relaxing)
 .debug_str     0x0000430b      0x2e1 bin/obj/vexime.o
                                0xbf1 (size before relaxing)
 .debug_str     0x000045ec      0x1ad bin/obj/vexprintf.o
                                0x840 (size before relaxing)
 .debug_str     0x00004799       0x49 bin/obj/vextest.o
                                0x4ca (size before relaxing)
 .debug_str     0x000047e2       0x43 bin/obj/vexuser.o
                                0x912 (size before relaxing)
 .debug_str     0x00004825       0x1a bin/obj/main.o
                                0x688 (size before relaxing)
 .debug_str     0x0000483f      0x42e c:/yagarto-20121222/bin/../lib/gcc/arm-none-eabi/4.7.2/../../../../arm-none-eabi/lib/thumb/v7m\libc.a(lib_a-atoi.o)
                                0x4f9 (size before relaxing)